 EOS

 Timestamp is 6a7d47bc (Wed Aug 12 21:27:40 2026)

 Preferred load address is 00400000

 Start         Length     Name                   Class
 0001:00000000 0000c8a0H .text                   CODE
 0001:0000c8a0 00035cdfH .text$mn                CODE
 0002:00000000 0000d770H D3D                     CODE
 0002:0000d770 000013f0H D3D_RD                  CODE
 0002:0000eb60 000038c4H D3D_URW                 CODE
 0003:00000000 0000daf0H XNET                    CODE
 0003:0000daf0 000002d0H XNET_RD                 CODE
 0004:00000000 00000f98H XGRPH                   CODE
 0004:00000f98 00000000H XGRPH_RD                CODE
 0005:00000000 00006cd8H DSOUND                  CODE
 0005:00006cd8 00000440H DSOUND_RD               CODE
 0005:00007118 000006d0H DSOUND_RW               CODE
 0005:000077e8 000001dcH DSOUND_URW              CODE
 0006:00000000 00000004H .XID$A                  CODE
 0006:00000004 00000004H .XID$Gamepad            CODE
 0006:00000008 00000004H .XID$IrRemote           CODE
 0006:0000000c 00000004H .XID$ZZZ                CODE
 0006:00000010 00000004H .XPP$ClassA             CODE
 0006:00000014 00000004H .XPP$ClassMU            CODE
 0006:00000018 00000008H .XPP$ClassXID           CODE
 0006:00000020 00000004H .XPP$ClassZZHub         CODE
 0006:00000024 00000004H .XPP$ClassZZZ           CODE
 0006:00000028 00000008H .XPP$DATA               CODE
 0006:00000030 0000018cH .XPP$Data               CODE
 0006:000001bc 00000dd8H .XPPCINIT               CODE
 0006:00000f94 00006760H .XPPCODE                CODE
 0006:000076f4 00000030H .XPPRDATA               CODE
 0007:00000000 00000210H .idata$5                DATA
 0007:00000210 0003ca90H .rdata                  DATA
 0007:0003cca0 00000018H .rdata$voltmd           DATA
 0007:0003ccb8 00000500H .rdata$zzzdbg           DATA
 0007:0003d1b8 00000008H .tls                    DATA
 0007:0003d1c0 00000088H .tls$                   DATA
 0007:0003d248 00000004H .tls$ZZZ                DATA
 0007:0003d249 00000000H .edata                  DATA
 0007:0003d24c 00000014H .idata$2                DATA
 0007:0003d260 00000014H .idata$3                DATA
 0007:0003d274 00000204H .idata$4                DATA
 0007:0003d478 0000000eH .idata$6                DATA
 0008:00000000 00000004H .CRT$RIA                DATA
 0008:00000004 00000004H .CRT$RII10              DATA
 0008:00000008 00000004H .CRT$RII20              DATA
 0008:0000000c 00000004H .CRT$RIZ                DATA
 0008:00000010 00000004H .CRT$XCA                DATA
 0008:00000014 00000014H .CRT$XCU                DATA
 0008:00000028 00000004H .CRT$XCZ                DATA
 0008:0000002c 00000004H .CRT$XIA                DATA
 0008:00000030 00000008H .CRT$XIC                DATA
 0008:00000038 00000004H .CRT$XIZ                DATA
 0008:0000003c 00000004H .CRT$XPA                DATA
 0008:00000040 00000004H .CRT$XPX                DATA
 0008:00000044 00000004H .CRT$XPZ                DATA
 0008:00000048 00000004H .CRT$XTA                DATA
 0008:0000004c 00000004H .CRT$XTZ                DATA
 0008:00000050 00000004H .XAPI$LNA               DATA
 0008:00000054 0000000cH .XAPI$LNZ               DATA
 0008:00000060 000016e0H .data                   DATA
 0008:00001740 002f94f0H .bss                    DATA
 0009:00000000 00007180H DOLBY                   DATA
 000a:00000000 00000010H .XBLD$A                 DATA
 000a:00000010 00000060H .XBLD$V                 DATA
 000b:00000000 00000060H .rsrc$01                DATA
 000b:00000060 00000180H .rsrc$02                DATA

  Address         Publics by Value              Rva+Base       Lib:Object

 0000:00000000       ___AbsoluteZero            00000000     <absolute>
 0000:00000000       ___arm64x_extra_rfe_table  00000000     <absolute>
 0000:00000000       ___arm64x_extra_rfe_table_size 00000000     <absolute>
 0000:00000000       ___arm64x_native_entrypoint 00000000     <absolute>
 0000:00000000       ___arm64x_redirection_metadata 00000000     <absolute>
 0000:00000000       ___arm64x_redirection_metadata_count 00000000     <absolute>
 0000:00000000       ___dynamic_value_reloc_table 00000000     <absolute>
 0000:00000000       ___enclave_config          00000000     <absolute>
 0000:00000000       ___guard_check_icall_a64n_fptr 00000000     <absolute>
 0000:00000000       ___guard_eh_cont_count     00000000     <absolute>
 0000:00000000       ___guard_eh_cont_table     00000000     <absolute>
 0000:00000000       ___guard_fids_count        00000000     <absolute>
 0000:00000000       ___guard_fids_table        00000000     <absolute>
 0000:00000000       ___guard_flags             00000000     <absolute>
 0000:00000000       ___guard_iat_count         00000000     <absolute>
 0000:00000000       ___guard_iat_table         00000000     <absolute>
 0000:00000000       ___guard_longjmp_count     00000000     <absolute>
 0000:00000000       ___guard_longjmp_table     00000000     <absolute>
 0000:00000000       ___hybrid_auxiliary_delayload_iat 00000000     <absolute>
 0000:00000000       ___hybrid_auxiliary_delayload_iat_copy 00000000     <absolute>
 0000:00000000       ___hybrid_auxiliary_iat    00000000     <absolute>
 0000:00000000       ___hybrid_auxiliary_iat_copy 00000000     <absolute>
 0000:00000000       ___hybrid_code_map         00000000     <absolute>
 0000:00000000       ___hybrid_code_map_count   00000000     <absolute>
 0000:00000000       ___hybrid_image_info_bitfield 00000000     <absolute>
 0000:00000000       ___x64_code_ranges_to_entry_points 00000000     <absolute>
 0000:00000000       ___x64_code_ranges_to_entry_points_count 00000000     <absolute>
 0000:00000000       __except_list              00000000     <absolute>
 0000:00000004       __tls_array                00000004     <absolute>
 0001:00000000       _realloc                   00401000 f   libcmt:realloc.obj
 0001:000000ed       _free                      004010ed f   libcmt:free.obj
 0001:00000145       __heap_alloc               00401145 f   libcmt:malloc.obj
 0001:0000016c       __nh_malloc                0040116c f   libcmt:malloc.obj
 0001:00000198       _malloc                    00401198 f   libcmt:malloc.obj
 0001:000001aa       _atol                      004011aa f   libcmt:atox.obj
 0001:00000202       _atoi                      00401202 f   libcmt:atox.obj
 0001:00000220       _strchr                    00401220 f   libcmt:strchr.obj
 0001:00000226       ___from_strstr_to_strchr   00401226     libcmt:strchr.obj
 0001:000002de       __mtinitlocks              004012de f   libcmt:mlock.obj
 0001:00000327       __mtdeletelocks            00401327 f   libcmt:mlock.obj
 0001:00000350       __unlock                   00401350 f   libcmt:mlock.obj
 0001:00000362       __mtinitlocknum            00401362 f   libcmt:mlock.obj
 0001:00000402       __lock                     00401402 f   libcmt:mlock.obj
 0001:00000430       __callnewh                 00401430 f   libcmt:handler.obj
 0001:0000044c       __SEH_prolog               0040144c f   libcmt:sehprolg.obj
 0001:00000487       __SEH_epilog               00401487 f   libcmt:sehprolg.obj
 0001:000004a0       __except_handler3          004014a0 f   libcmt:exsup3.obj
 0001:00000572       __seh_longjmp_unwind@4     00401572 f   libcmt:exsup3.obj
 0001:0000058d       __ismbcspace               0040158d f   libcmt:ismbspc.obj
 0001:000005c0       __allmul                   004015c0 f   libcmt:llmul.obj
 0001:00000604       ___crtInitCritSecAndSpinCount 00401604 f   libcmt:initcrit.obj
 0001:00000729       __exit                     00401729 f   libcmt:crt0dat.obj
 0001:00000735       __errno                    00401735 f   libcmt:dosmap.obj
 0001:0000073e       ___doserrno                0040173e f   libcmt:dosmap.obj
 0001:00000747       __dosmaperr                00401747 f   libcmt:dosmap.obj
 0001:000007bc       __global_unwind2           004017bc f   libcmt:exsup.obj
 0001:000007fe       __local_unwind2            004017fe f   libcmt:exsup.obj
 0001:00000856       __NLG_Return2              00401856     libcmt:exsup.obj
 0001:00000866       __abnormal_termination     00401866 f   libcmt:exsup.obj
 0001:00000889       __NLG_Notify1              00401889 f   libcmt:exsup.obj
 0001:00000892       __NLG_Notify               00401892 f   libcmt:exsup.obj
 0001:000008a5       __NLG_Dispatch             004018a5     libcmt:exsup.obj
 0001:000008aa       __amsg_exit                004018aa f   libcmt:crt0.obj
 0001:000008c6       __isctype                  004018c6 f   libcmt:isctype.obj
 0001:000008e7       __getptd                   004018e7 f   libcmt:tidtable.obj
 0001:00000969       __freefls@4                00401969 f   libcmt:tidtable.obj
 0001:00000a32       __freeptd                  00401a32 f   libcmt:tidtable.obj
 0001:00000a84       __mtinit                   00401a84 f   libcmt:tidtable.obj
 0001:00000af7       __NMSG_WRITE               00401af7 f   libcmt:crt0msg.obj
 0001:00000b23       __FF_MSGBANNER             00401b23 f   libcmt:crt0msg.obj
 0001:00000b45       _calloc                    00401b45 f   libcmt:calloc.obj
 0001:00000ccc       __setmbcp                  00401ccc f   libcmt:mbctype.obj
 0001:00000ded       ___initmbctable            00401ded f   libcmt:mbctype.obj
 0001:00000e15       __mtxthreadnotification@4  00401e15 f   libcmt:thread.obj
 0001:00000e3f       _ReadFile@20               00401e3f f   xapilib:filehops.obj
 0001:00000f2c       _WriteFile@20              00401f2c f   xapilib:filehops.obj
 0001:00001002       _SetEndOfFile@4            00402002 f   xapilib:filehops.obj
 0001:00001086       _SetFilePointer@16         00402086 f   xapilib:filehops.obj
 0001:00001180       _SetFilePointerEx@20       00402180 f   xapilib:filehops.obj
 0001:00001248       _FlushFileBuffers@4        00402248 f   xapilib:filehops.obj
 0001:0000126f       _GetFileSizeEx@8           0040226f f   xapilib:filehops.obj
 0001:000012ad       _GetFileSize@8             004022ad f   xapilib:filehops.obj
 0001:000012e8       _GetFileAttributesA@4      004022e8 f   xapilib:filemisc.obj
 0001:00001333       _GetFileAttributesExA@12   00402333 f   xapilib:filemisc.obj
 0001:000013b5       _MoveFileA@8               004023b5 f   xapilib:filemisc.obj
 0001:0000144b       _DeleteFileA@4             0040244b f   xapilib:filemisc.obj
 0001:000014d9       _XapiDirectoryInformationToFindData@8 004024d9 f   xapilib:filefind.obj
 0001:00001545       _FindFirstFileA@8          00402545 f   xapilib:filefind.obj
 0001:00001652       _FindNextFileA@8           00402652 f   xapilib:filefind.obj
 0001:000016a3       _lstrcmpA@8                004026a3 f   xapilib:lcompata.obj
 0001:00001707       _lstrcpynA@12              00402707 f   xapilib:lcompata.obj
 0001:0000176c       _GetLastError@0            0040276c f   xapilib:error.obj
 0001:00001794       _SetLastError@4            00402794 f   xapilib:error.obj
 0001:000017c2       _XapiSetLastNTError@4      004027c2 f   xapilib:error.obj
 0001:000017d9       _CreateFileA@28            004027d9 f   xapilib:fileopcr.obj
 0001:00001964       _CloseHandle@4             00402964 f   xapilib:handle.obj
 0001:00001982       _CreateDirectoryA@8        00402982 f   xapilib:dir.obj
 0001:000019ee       _RemoveDirectoryA@4        004029ee f   xapilib:dir.obj
 0001:00001a7c       _GetDiskFreeSpaceExA@16    00402a7c f   xapilib:pathmisc.obj
 0001:00001b70       _XapiSelectCachePartition@12 00402b70 f   xapilib:pathmisc.obj
 0001:00001dbb       _XMountUtilityDrive@4      00402dbb f   xapilib:pathmisc.obj
 0001:00001ec0       _XboxTimeZoneNameToWstr@8  00402ec0 f i xapilib:datetime.obj
 0001:00001ee1       _XboxTimeZoneDateToSystemTime@8 00402ee1 f i xapilib:datetime.obj
 0001:00001f19       _XapipQueryTimeZoneInformation@8 00402f19 f   xapilib:datetime.obj
 0001:00001fc3       _GetTickCount@0            00402fc3 f   xapilib:datetime.obj
 0001:00001fcb       _FileTimeToSystemTime@8    00402fcb f   xapilib:datetime.obj
 0001:00002036       _SystemTimeToFileTime@8    00403036 f   xapilib:datetime.obj
 0001:000020ab       _RtlpCutoverTimeToSystemTime@16 004030ab f   xapilib:datetime.obj
 0001:000022b5       _GetTimeZoneInformation@4  004032b5 f   xapilib:datetime.obj
 0001:00002411       _XapipGetTimeZoneBias@4    00403411 f   xapilib:datetime.obj
 0001:00002467       _GetLocalTime@4            00403467 f   xapilib:datetime.obj
 0001:000024e6       _XLaunchNewImageA@8        004034e6 f   xapilib:launch.obj
 0001:00002528       _XWriteTitleInfoNoReboot@24 00403528 f   xapilib:launch.obj
 0001:00002609       _XWriteTitleInfoAndRebootA@20 00403609 f   xapilib:launch.obj
 0001:00002650       _WaitForSingleObjectEx@12  00403650 f   xapilib:synch.obj
 0001:00002694       _SleepEx@8                 00403694 f   xapilib:synch.obj
 0001:000026e6       _WaitForSingleObject@8     004036e6 f   xapilib:synch.obj
 0001:000026f8       _Sleep@4                   004036f8 f   xapilib:synch.obj
 0001:00002706       _XapiCallThreadNotifyRoutines@4 00403706 f   xapilib:thread.obj
 0001:0000273e       _RaiseException@16         0040373e f   xapilib:thread.obj
 0001:00002794       _XRegisterThreadNotifyRoutine@8 00403794 f   xapilib:thread.obj
 0001:000027dd       _UnhandledExceptionFilter@4 004037dd f   xapilib:thread.obj
 0001:00002819       _XapiThreadStartup@8       00403819 f   xapilib:thread.obj
 0001:000028b1       _CreateThread@24           004038b1 f   xapilib:thread.obj
 0001:0000291f       _GetCurrentThreadId@0      0040391f f   xapilib:thread.obj
 0001:0000292c       _GlobalMemoryStatus@4      0040392c f   xapilib:virtual.obj
 0001:0000297b       _XapiFormatFATVolumeEx@8   0040397b f   xapilib:format.obj
 0001:00002c9f       _XGetVideoStandard@0       00403c9f f   xapilib:xgetvideostandard.obj
 0001:00002cc8       _XGetVideoFlags@0          00403cc8 f   xapilib:xgetvideoflags.obj
 0001:00002d11       _mainXapiStartup@4         00403d11 f   xapilib:xapi0.obj
 0001:00002d85       _mainCRTStartup            00403d85 f   xapilib:xapi0.obj
 0001:00002df7       _RtlpCreateUnCommittedRange@4 00403df7 f   xapilib:heap.obj
 0001:00002f17       _RtlpDestroyUnCommittedRange@8 00403f17 f   xapilib:heap.obj
 0001:00002f38       _RtlpInsertUnCommittedPages@12 00403f38 f   xapilib:heap.obj
 0001:00002fcb       _RtlpFindAndCommitPages@16 00403fcb f   xapilib:heap.obj
 0001:00003156       _RtlpCoalesceFreeBlocks@16 00404156 f   xapilib:heap.obj
 0001:000033fb       _RtlpInsertFreeBlock@12    004043fb f   xapilib:heap.obj
 0001:000034f5       _RtlpGetExtraStuffPointer@4 004044f5 f   xapilib:heap.obj
 0001:00003511       _RtlpGrowBlockInPlace@20   00404511 f   xapilib:heap.obj
 0001:0000390f       _RtlpInitializeHeapSegment@28 0040490f f   xapilib:heap.obj
 0001:00003a2d       _RtlpExtendHeap@8          00404a2d f   xapilib:heap.obj
 0001:00003bb4       _RtlpDeCommitFreeBlock@12  00404bb4 f   xapilib:heap.obj
 0001:00003e5f       _RtlCreateHeap@24          00404e5f f   xapilib:heap.obj
 0001:00004283       _RtlAllocateHeap@12        00405283 f   xapilib:heap.obj
 0001:000049fe       _RtlFreeHeap@12            004059fe f   xapilib:heap.obj
 0001:00004bf2       _RtlReAllocateHeap@16      00405bf2 f   xapilib:heap.obj
 0001:00005320       _HeapFree@12               00406320 f   xapilib:xapiheap.obj
 0001:00005337       _GetProcessHeap@0          00406337 f   xapilib:xapiheap.obj
 0001:0000533d       _LocalAlloc@8              0040633d f   xapilib:xapiheap.obj
 0001:0000535a       _LocalFree@4               0040635a f   xapilib:xapiheap.obj
 0001:00005378       _OutputDebugStringA@4      00406378 f   xapilib:outputdebugstringa.obj
 0001:000053aa       _xCompareStringA@20        004063aa f   xapilib:compstra.obj
 0001:00005533       _XapiFormatTimeOut@8       00406533 f   xapilib:support.obj
 0001:00005561       _XMemAlloc@8               00406561 f   xapilib:xmem.obj
 0001:00005601       _XMemFree@8                00406601 f   xapilib:xmem.obj
 0001:0000561b       _XapiValidateDiskPartitionEx@8 0040661b f   xapilib:xapiinit.obj
 0001:00005693       _XapiCopySectionToFile@16  00406693 f   xapilib:xapiinit.obj
 0001:0000577a       _XapiMapLetterToDirectory@24 0040677a f   xapilib:xapiinit.obj
 0001:00005aae       _XapiSetupPerTitleDriveLetters@8 00406aae f   xapilib:xapiinit.obj
 0001:00005b03       _XapiBootToDash@12         00406b03 f   xapilib:xapiinit.obj
 0001:00005b68       _XapiValidateDiskPartition@4 00406b68 f   xapilib:xapiinit.obj
 0001:00005b79       _XapiInitProcess@0         00406b79 f   xapilib:xapiinit.obj
 0001:00005ce8       _XQueryValue@20            00406ce8 f   xapilib:xqueryvalue.obj
 0001:00005d0a       _BuildUpdateFilePath@12    00406d0a f   xapilib:bootutil.obj
 0001:00005d54       _XoUpdateLoadXBEInfo@8     00406d54 f   xapilib:bootutil.obj
 0001:00005e20       _XoUpdateGetSavedDataFromLaunchPage@12 00406e20 f   xapilib:bootutil.obj
 0001:00005e84       _XapipUpdateGetCurrentDDriveMapping@8 00406e84 f   xapilib:bootutil.obj
 0001:00005f16       _XapipUpdateSaveDDriveMappingToLaunchPage@8 00406f16 f   xapilib:bootutil.obj
 0001:00005f97       _XapipUpdateDetectAndVerify@16 00406f97 f   xapilib:bootutil.obj
 0001:00006119       _XapipLaunchNewImageInternal@16 00407119 f   xapilib:bootutil.obj
 0001:0000629a       _XapipUpdateRebootIfNecessary@0 0040729a f   xapilib:bootutil.obj
 0001:00006400       @RtlFindFirstSetRightMember@4 00407400 f   xapilib:bitmapa.obj
 0001:00006404       _XGetAVPack@0              00407404 f   xapilib:xgetavpack.obj
 0001:0000640c       __cinit@0                  0040740c f   xapilib:xapi0dat.obj
 0001:00006464       __rtinit@0                 00407464 f   xapilib:xapi0dat.obj
 0001:0000648d       _XapiRestrictCodeSelectorLimit@0 0040748d f   xapilib:krnlptch.obj
 0001:000064f1       _XapiApplyKernelPatches@0  004074f1 f   xapilib:krnlptch.obj
 0001:000065b6       _XPhysicalAlloc@16         004075b6 f   xapilib:physical.obj
 0001:000065f9       _XPhysicalAllocEx@20       004075f9 f   xapilib:physical.obj
 0001:00006626       _XPhysicalFree@4           00407626 f   xapilib:physical.obj
 0001:0000662c       _XGetSectionHandleA@4      0040762c f   xapilib:xemodule.obj
 0001:00006693       _XLoadSectionByHandle@4    00407693 f   xapilib:xemodule.obj
 0001:000066b4       _XFreeSectionByHandle@4    004076b4 f   xapilib:xemodule.obj
 0001:000066d2       _XGetSectionSize@4         004076d2 f   xapilib:xemodule.obj
 0001:000066dc       _XGetParentalControlSetting@0 004076dc f   xapilib:xgetparentalcontrolsetting.obj
 0001:00006701       _XAutoPowerDownResetTimer@0 00407701 f   xapilib:powerdwn.obj
 0001:0000671c       _XapiAutoPowerDownTimeout@16 0040771c f   xapilib:powerdwn.obj
 0001:0000672e       _XapiInitAutoPowerDown@0   0040772e f   xapilib:powerdwn.obj
 0001:000067a2       _XapiShutdownChannelStartNextPacket@0 004077a2 f   xapilib:xapiterm.obj
 0001:000067bb       _XapiShutdownChannelStartPacket@8 004077bb f   xapilib:xapiterm.obj
 0001:000067be       _XapiShutdownNotification@4 004077be f   xapilib:xapiterm.obj
 0001:00006814       _XComputeContentSignatureKey@8 00407814 f   xapilib:contsig.obj
 0001:00006833       _XapiComputeContentHeaderSignature@16 00407833 f   xapilib:contsig.obj
 0001:00006918       _XapiLoadContentMetadataHeader@16 00407918 f   xapilib:contsig.obj
 0001:000069fc       _XapiChangeCodeSelectorLimit@8 004079fc f   xapilib:xapidlla.obj
 0001:00006a21       _XShaHmacInitialize@12     00407a21 f   xapilib:xcalcsig.obj
 0001:00006a83       _XShaHmacUpdate@12         00407a83 f   xapilib:xcalcsig.obj
 0001:00006a88       _XShaHmacComputeFinal@16   00407a88 f   xapilib:xcalcsig.obj
 0001:00006afa       _XNetGetEthernetLinkStatus@0 00407afa f   xnet:xnet.obj
 0001:00006b44       ??_ECMcpxAPU@DirectSound@@W7AEPAXI@Z 00407b44 f i dsound:mcpapu.obj
 0001:00006b50       _memmove                   00407b50 f   libcmt:memmove.obj
 0001:00006e8d       __snprintf                 00407e8d f   libcmt:snprintf.obj
 0001:00006ee4       _sprintf                   00407ee4 f   libcmt:sprintf.obj
 0001:00006f40       __alldiv                   00407f40 f   libcmt:lldiv.obj
 0001:00006fea       __snwprintf                00407fea f   libcmt:snwprint.obj
 0001:00007060       _strncpy                   00408060 f   libcmt:strncpy.obj
 0001:00007184       __strnicmp                 00408184 f   libcmt:strnicmp.obj
 0001:000071e0       __alloca_probe             004081e0     libcmt:chkstk.obj
 0001:000071e0       __chkstk                   004081e0 f   libcmt:chkstk.obj
 0001:00007230       __aulldiv                  00408230 f   libcmt:ulldiv.obj
 0001:000072a0       __allshr                   004082a0 f   libcmt:llshr.obj
 0001:000072c1       __fpclear                  004082c1 f   libcmt:fpinit.obj
 0001:000072c2       __cfltcvt_init             004082c2 f   libcmt:fpinit.obj
 0001:000072fa       __fpmath                   004082fa f   libcmt:fpinit.obj
 0001:00007310       __ftol2                    00408310 f   libcmt:ftol2.obj
 0001:00007385       __vsnprintf                00408385 f   libcmt:vsnprint.obj
 0001:000073db       __wcsnicmp                 004083db f   libcmt:wcsnicmp.obj
 0001:0000747c       _sinh                      0040847c f   libcmt:87ctrigh.obj
 0001:00007486       _cosh                      00408486 f   libcmt:87ctrigh.obj
 0001:0000748d       _tanh                      0040848d f   libcmt:87ctrigh.obj
 0001:00007494       __CIsinh                   00408494 f   libcmt:87ctrigh.obj
 0001:0000749e       __CIcosh                   0040849e f   libcmt:87ctrigh.obj
 0001:000074a5       __CItanh                   004084a5 f   libcmt:87ctrigh.obj
 0001:000074ac       _pow                       004084ac f   libcmt:pow.obj
 0001:000074b0       __CIpow                    004084b0 f   libcmt:pow.obj
 0001:000074b2       __CIpow_default            004084b2 f   libcmt:pow.obj
 0001:000074cb       __pow_default              004084cb     libcmt:pow.obj
 0001:000076c1       __fpclass                  004086c1 f   libcmt:ieeemisc.obj
 0001:0000775d       __purecall                 0040875d f   libcmt:purevirt.obj
 0001:00007771       _tolower                   00408771 f   libcmt:tolower.obj
 0001:000077b0       ___ascii_stricmp           004087b0 f   libcmt:_stricmp.obj
 0001:000077fe       __flsbuf                   004087fe f   libcmt:_flsbuf.obj
 0001:000079a5       __output                   004089a5 f   libcmt:output.obj
 0001:000081b3       __woutput                  004091b3 f   libcmt:woutput.obj
 0001:00008977       _towlower                  00409977 f   libcmt:towlower.obj
 0001:000089c0       ___ascii_strnicmp          004099c0 f   libcmt:_strnicm.obj
 0001:00008a21       __forcdecpt                00409a21 f   libcmt:cvt.obj
 0001:00008a79       __cropzeros                00409a79 f   libcmt:cvt.obj
 0001:00008ac4       __positive                 00409ac4 f   libcmt:cvt.obj
 0001:00008ade       __fassign                  00409ade f   libcmt:cvt.obj
 0001:00008be8       __cftoe                    00409be8 f   libcmt:cvt.obj
 0001:00008ced       __cftof                    00409ced f   libcmt:cvt.obj
 0001:00008d3f       __cftog                    00409d3f f   libcmt:cvt.obj
 0001:00008dcc       __cfltcvt                  00409dcc f   libcmt:cvt.obj
 0001:00008e1d       __setdefaultprecision      00409e1d f   libcmt:fp8.obj
 0001:00008e30       __fFSINH                   00409e30     libcmt:87trigh.obj
 0001:00008e82       __fFCOSH                   00409e82     libcmt:87trigh.obj
 0001:00008f2c       __cintrindisp2             00409f2c f   libcmt:87cdisp.obj
 0001:00008f6a       __cintrindisp1             00409f6a f   libcmt:87cdisp.obj
 0001:00008fa7       __ctrandisp2               00409fa7 f   libcmt:87cdisp.obj
 0001:0000913d       __ctrandisp1               0040a13d f   libcmt:87cdisp.obj
 0001:00009170       __fload                    0040a170 f   libcmt:87cdisp.obj
 0001:000091bd       __fFEXP                    0040a1bd     libcmt:87tran.obj
 0001:00009214       __rtinfpopse               0040a214     libcmt:87tran.obj
 0001:00009216       __rtinfnpopse              0040a216     libcmt:87tran.obj
 0001:00009226       __fFLN                     0040a226     libcmt:87tran.obj
 0001:000092db       __rtinfpop                 0040a2db     libcmt:87tran.obj
 0001:000092dd       __rtinfnpop                0040a2dd     libcmt:87tran.obj
 0001:000092fa       __ffexpm1                  0040a2fa     libcmt:87tran.obj
 0001:000093a4       __trandisp1                0040a3a4 f   libcmt:87disp.obj
 0001:0000940b       __trandisp2                0040a40b f   libcmt:87disp.obj
 0001:00009497       __rttospopde               0040a497     libcmt:87disp.obj
 0001:0000949c       __rttospop                 0040a49c     libcmt:87disp.obj
 0001:0000949e       __rtnospop                 0040a49e     libcmt:87disp.obj
 0001:000094a0       __rttosnpop                0040a4a0     libcmt:87disp.obj
 0001:000094a1       __rtnospopde               0040a4a1     libcmt:87disp.obj
 0001:000094a8       __rtzeropop                0040a4a8     libcmt:87disp.obj
 0001:000094aa       __rtzeronpop               0040a4aa     libcmt:87disp.obj
 0001:000094af       __rtonepop                 0040a4af     libcmt:87disp.obj
 0001:000094b1       __rtonenpop                0040a4b1     libcmt:87disp.obj
 0001:000094b6       __tosnan1                  0040a4b6     libcmt:87disp.obj
 0001:000094e1       __nosnan2                  0040a4e1     libcmt:87disp.obj
 0001:000094e3       __tosnan2                  0040a4e3     libcmt:87disp.obj
 0001:0000950b       __nan2                     0040a50b     libcmt:87disp.obj
 0001:0000954a       __rtindfpop                0040a54a     libcmt:87disp.obj
 0001:0000954c       __rtindfnpop               0040a54c     libcmt:87disp.obj
 0001:0000955d       __rttosnpopde              0040a55d     libcmt:87disp.obj
 0001:00009567       __rtchsifneg               0040a567     libcmt:87disp.obj
 0001:00009570       __startTwoArgErrorHandling 0040a570 f   libcmt:genexcep.obj
 0001:00009587       __startOneArgErrorHandling 0040a587 f   libcmt:genexcep.obj
 0001:000095c4       __twoToTOS                 0040a5c4 f   libcmt:common.obj
 0001:000095d9       __load_CW                  0040a5d9 f   libcmt:common.obj
 0001:000095f0       __convertTOStoQNaN         0040a5f0 f   libcmt:common.obj
 0001:00009609       __fload_withFB             0040a609 f   libcmt:common.obj
 0001:0000964c       __checkTOS_withFB          0040a64c f   libcmt:common.obj
 0001:00009662       __fast_exit                0040a662 f   libcmt:common.obj
 0001:0000966f       __math_exit                0040a66f f   libcmt:common.obj
 0001:00009699       __check_overflow_exit      0040a699 f   libcmt:common.obj
 0001:000096ad       __check_range_exit         0040a6ad f   libcmt:common.obj
 0001:00009750       __d_inttype                0040a750 f   libcmt:powhlp.obj
 0001:000097b5       __powhlp                   0040a7b5 f   libcmt:powhlp.obj
 0001:00009907       __set_exp                  0040a907 f   libcmt:util.obj
 0001:00009931       __sptype                   0040a931 f   libcmt:util.obj
 0001:0000998c       __decomp                   0040a98c f   libcmt:util.obj
 0001:00009a40       __raise_exc                0040aa40 f   libcmt:fpexcept.obj
 0001:00009ce4       __handle_exc               0040ace4 f   libcmt:fpexcept.obj
 0001:00009ed1       __set_errno                0040aed1 f   libcmt:fpexcept.obj
 0001:00009ef9       __statfp                   0040aef9 f   libcmt:fpctrl.obj
 0001:00009f04       __clrfp                    0040af04 f   libcmt:fpctrl.obj
 0001:00009f10       __ctrlfp                   0040af10 f   libcmt:fpctrl.obj
 0001:00009f34       __set_statfp               0040af34 f   libcmt:fpctrl.obj
 0001:00009f8a       __lseek_lk                 0040af8a f   libcmt:lseek.obj
 0001:00009ffd       __lseek                    0040affd f   libcmt:lseek.obj
 0001:0000a0a8       __ioinit                   0040b0a8 f   libcmt:ioinit.obj
 0001:0000a10d       __write_lk                 0040b10d f   libcmt:write.obj
 0001:0000a298       __write                    0040b298 f   libcmt:write.obj
 0001:0000a343       __getbuf                   0040b343 f   libcmt:_getbuf.obj
 0001:0000a387       __isatty                   0040b387 f   libcmt:isatty.obj
 0001:0000a3b1       ___initstdio               0040b3b1 f   libcmt:_file.obj
 0001:0000a45a       ___endstdio                0040b45a f   libcmt:_file.obj
 0001:0000a46e       __lock_file                0040b46e f   libcmt:_file.obj
 0001:0000a49d       __lock_file2               0040b49d f   libcmt:_file.obj
 0001:0000a4c0       __unlock_file              0040b4c0 f   libcmt:_file.obj
 0001:0000a4ef       __unlock_file2             0040b4ef f   libcmt:_file.obj
 0001:0000a512       _wctomb                    0040b512 f   libcmt:wctomb.obj
 0001:0000a540       __aulldvrm                 0040b540 f   libcmt:ulldvrm.obj
 0001:0000a5d5       __putwc_lk                 0040b5d5 f   libcmt:fputwc.obj
 0001:0000a69a       _mbtowc                    0040b69a f   libcmt:mbtowc.obj
 0001:0000a6d1       _iswctype                  0040b6d1 f   libcmt:iswctype.obj
 0001:0000a701       __ZeroTail                 0040b701 f   libcmt:intrncvt.obj
 0001:0000a733       __IncMan                   0040b733 f   libcmt:intrncvt.obj
 0001:0000a780       __RoundMan                 0040b780 f   libcmt:intrncvt.obj
 0001:0000a7f2       __CopyMan                  0040b7f2 f   libcmt:intrncvt.obj
 0001:0000a80d       __IsZeroMan                0040b80d f   libcmt:intrncvt.obj
 0001:0000a826       __ShrMan                   0040b826 f   libcmt:intrncvt.obj
 0001:0000a8a1       __ld12cvt                  0040b8a1 f   libcmt:intrncvt.obj
 0001:0000a9f9       __ld12tod                  0040b9f9 f   libcmt:intrncvt.obj
 0001:0000aa0f       __ld12tof                  0040ba0f f   libcmt:intrncvt.obj
 0001:0000aa25       __atodbl                   0040ba25 f   libcmt:intrncvt.obj
 0001:0000aa52       __atoflt                   0040ba52 f   libcmt:intrncvt.obj
 0001:0000aa7f       __fptostr                  0040ba7f f   libcmt:_fptostr.obj
 0001:0000aafe       ___dtold                   0040bafe f   libcmt:cfout.obj
 0001:0000abb8       __fltout2                  0040bbb8 f   libcmt:cfout.obj
 0001:0000ac1d       __fptrap                   0040bc1d f   libcmt:crt0fp.obj
 0001:0000ad46       __control87                0040bd46 f   libcmt:ieee87.obj
 0001:0000ad78       __controlfp                0040bd78 f   libcmt:ieee87.obj
 0001:0000ad8e       __87except                 0040bd8e f   libcmt:87except.obj
 0001:0000ae6b       __frnd                     0040be6b f   libcmt:frnd.obj
 0001:0000ae7c       __matherr                  0040be7c f   libcmt:matherr.obj
 0001:0000ae7f       __free_osfhnd              0040be7f f   libcmt:osfinfo.obj
 0001:0000aec8       __get_osfhandle            0040bec8 f   libcmt:osfinfo.obj
 0001:0000af09       __lock_fhandle             0040bf09 f   libcmt:osfinfo.obj
 0001:0000afa9       __unlock_fhandle           0040bfa9 f   libcmt:osfinfo.obj
 0001:0000afcb       __lseeki64_lk              0040bfcb f   libcmt:lseeki64.obj
 0001:0000b04c       __fcloseall                0040c04c f   libcmt:closeall.obj
 0001:0000b0d0       __flush                    0040c0d0 f   libcmt:fflush.obj
 0001:0000b12d       __fflush_lk                0040c12d f   libcmt:fflush.obj
 0001:0000b230       __flushall                 0040c230 f   libcmt:fflush.obj
 0001:0000b239       __flswbuf                  0040c239 f   libcmt:_flswbuf.obj
 0001:0000b361       ___addl                    0040c361 f   libcmt:mantold.obj
 0001:0000b382       ___add_12                  0040c382 f   libcmt:mantold.obj
 0001:0000b3e0       ___shl_12                  0040c3e0 f   libcmt:mantold.obj
 0001:0000b40e       ___shr_12                  0040c40e f   libcmt:mantold.obj
 0001:0000b43b       ___mtold12                 0040c43b f   libcmt:mantold.obj
 0001:0000b509       ___strgtold12              0040c509 f   libcmt:strgtold.obj
 0001:0000b980       _$I10_OUTPUT               0040c980 f   libcmt:x10fout.obj
 0001:0000bbf7       __fclose_lk                0040cbf7 f   libcmt:fclose.obj
 0001:0000bc43       _fclose                    0040cc43 f   libcmt:fclose.obj
 0001:0000bc94       __commit                   0040cc94 f   libcmt:commit.obj
 0001:0000bd4e       ___ld12mul                 0040cd4e f   libcmt:tenpow.obj
 0001:0000bf70       ___multtenpow12            0040cf70 f   libcmt:tenpow.obj
 0001:0000bfe6       __close_lk                 0040cfe6 f   libcmt:close.obj
 0001:0000c067       __close                    0040d067 f   libcmt:close.obj
 0001:0000c102       __freebuf                  0040d102 f   libcmt:_freebuf.obj
 0001:0000c12d       _QueryPerformanceCounter@4 0040d12d f   xapilib:perfctr.obj
 0001:0000c13e       _QueryPerformanceFrequency@4 0040d13e f   xapilib:perfctr.obj
 0001:0000c160       _MulDiv@12                 0040d160 f   xapilib:muldiv.obj
 0001:0000c280       _UTF8ToUnicode@16          0040d280 f   xapilib:widechar.obj
 0001:0000c3d6       _MultiByteToWideChar@24    0040d3d6 f   xapilib:widechar.obj
 0001:0000c491       _XGetAudioFlags@0          0040d491 f   xapilib:xgetaudioflags.obj
 0001:0000c4e0       __allshl                   0040d4e0 f   libcmt:llshl.obj
 0001:0000c500       _memcpy                    0040d500 f   libcmt:memcpy.obj
 0001:0000c840       _memset                    0040d840 f   libcmt:memset.obj
 0001:0000ceb0       ?FtpServ_Start@@YAXPBD_N@Z 0040deb0 f   dd_ftp.obj
 0001:0000d020       ?FtpServ_Stop@@YAXXZ       0040e020 f   dd_ftp.obj
 0001:0000ee50       ?FtpServ_Tick@@YAXXZ       0040fe50 f   dd_ftp.obj
 0001:0000fa20       ?Net_Poll@@YAXXZ           00410a20 f   dd_net.obj
 0001:0000fe90       ?Net_Restart@@YAXXZ        00410e90 f   dd_net.obj
 0001:00014220       _mp3dec_decode_frame       00415220 f   eos_audio.obj
 0001:00014b00       _Audio_StartMusic          00415b00 f   eos_audio.obj
 0001:00014de0       _Audio_StopMusic           00415de0 f   eos_audio.obj
 0001:00015110       ?Bank_Name@@YAPBDH@Z       00416110 f   eos_bank.obj
 0001:00015140       ?Bank_Ef@@YAEH@Z           00416140 f   eos_bank.obj
 0001:00015160       ?Bank_LaunchIndex@@YAHH@Z  00416160 f   eos_bank.obj
 0001:00015260       ?Bank_LaunchEf@@YAXE@Z     00416260 f   eos_bank.obj
 0001:000152b0       ?Bank_Launch@@YAXH@Z       004162b0 f   eos_bank.obj
 0001:00015330       ?Eos_TsopBoot@@YAXXZ       00416330 f   eos_bank.obj
 0001:00015380       ?Eos_LaunchXbDiag@@YAXXZ   00416380 f   eos_bank.obj
 0001:00015ac0       ?Cerb_Load@@YAXPAUCerbConfig@@H@Z 00416ac0 f   eos_cerbios.obj
 0001:00015b50       ?Cerb_Cycle@@YAXPAUCerbConfig@@HH@Z 00416b50 f   eos_cerbios.obj
 0001:00015cf0       ?Cerb_Save@@YAHPAUCerbConfig@@@Z 00416cf0 f   eos_cerbios.obj
 0001:000161b0       ?Cerb_CalcCpu@@YAHHHPADPAH11@Z 004171b0 f   eos_cerbios.obj
 0001:00016500       ?Cerb_CalcGpu@@YAHHPADPAH@Z 00417500 f   eos_cerbios.obj
 0001:00016770       ?Cerb_IgrCycle@@YAXPADHH@Z 00417770 f   eos_cerbios.obj
 0001:00016810       ?Clock_CivilToTicks@@YA_JPBUEosDateTime@@@Z 00417810 f   eos_clock.obj
 0001:00016970       ?Clock_Set@@YAHPBUEosDateTime@@@Z 00417970 f   eos_clock.obj
 0001:00016a30       ?Clock_Clamp@@YAXPAUEosDateTime@@@Z 00417a30 f   eos_clock.obj
 0001:00016c40       ?Config_Save@@YAHXZ        00417c40 f   eos_config.obj
 0001:00016ff0       ?Config_SaveSettings@@YAHXZ 00417ff0 f   eos_config.obj
 0001:00017270       ?Console_ReadLive@@YAXPAUEosLive@@H@Z 00418270 f   eos_console.obj
 0001:00017430       ?Console_Read@@YAXPAUEosConsole@@@Z 00418430 f   eos_console.obj
 0001:000176f0       ?Desc_Load@@YAHPAUEosLayout@@@Z 004186f0 f   eos_descriptor.obj
 0001:00017970       ?Desc_Save@@YAHPBUEosLayout@@@Z 00418970 f   eos_descriptor.obj
 0001:00017b20       ?Desc_GetColor@@YAIH@Z     00418b20 f   eos_descriptor.obj
 0001:00017b70       ?Desc_SetColor@@YAHHI@Z    00418b70 f   eos_descriptor.obj
 0001:00017c60       ?Eeprom_Read@@YAXPAUEosEeprom@@@Z 00418c60 f   eos_eeprom.obj
 0001:00017d30       ?Eeprom_VideoStandardStr@@YAPBDPBUEosEeprom@@@Z 00418d30 f   eos_eeprom.obj
 0001:00017e50       ?Eeprom_MacStr@@YAXPBUEosEeprom@@PAD@Z 00418e50 f   eos_eeprom.obj
 0001:00017f50       ?Eeprom_ImageValid@@YAHPBE@Z 00418f50 f   eos_eeprom_io.obj
 0001:00017fe0       ?Eeprom_BackupToHdd@@YAHPADH@Z 00418fe0 f   eos_eeprom_io.obj
 0001:00018520       _Ee_XboxHmacSha1           00419520 f   eos_ee_crypto.obj
 0001:000188d0       _Ee_Rc4Init                004198d0 f   eos_ee_crypto.obj
 0001:00018950       _Ee_Rc4Crypt               00419950 f   eos_ee_crypto.obj
 0001:00018ad0       ?EeData_Read@@YAHPAUEeData@@@Z 00419ad0 f   eos_ee_data.obj
 0001:00018c90       ?EeData_SetGameRegion@@YAHK@Z 00419c90 f   eos_ee_data.obj
 0001:00018e40       ?File_MountDrives@@YAXXZ   00419e40 f   eos_file.obj
 0001:00018ed0       ?File_ListDir@@YAHPBDPAUEosFileEntry@@H@Z 00419ed0 f   eos_file.obj
 0001:00019120       ?File_ReadInto@@YAHPBDPAEH@Z 0041a120 f   eos_file.obj
 0001:00019200       ?Firmware_BackupBank@@YAHHPADH@Z 0041a200 f   eos_firmware_io.obj
 0001:00019530       ?Firmware_ListBackups@@YAHQAY0EA@DH@Z 0041a530 f   eos_firmware_io.obj
 0001:000196a0       ?Firmware_RestoreBank@@YAHPBDH@Z 0041a6a0 f   eos_firmware_io.obj
 0001:00019930       ?Flash_ProgramPage@@YAHHHPBE@Z 0041a930 f   eos_flash.obj
 0001:000199d0       ?Flash_ReadPage@@YAHHHPAE@Z 0041a9d0 f   eos_flash.obj
 0001:00019a70       ?Flash_Sync@@YAHH@Z        0041aa70 f   eos_flash.obj
 0001:00019b50       ?Flash_WriteImage@@YAHHPBEH@Z 0041ab50 f   eos_flash.obj
 0001:00019c20       ?Flash_WriteImageAtNoSync@@YAHHHPBEH@Z 0041ac20 f   eos_flash.obj
 0001:00019cf0       ?Flash_EraseBlock@@YAHHH@Z 0041acf0 f   eos_flash.obj
 0001:00019d80       ?Flash_ReloadDescriptor@@YAXXZ 0041ad80 f   eos_flash.obj
 0001:00019e00       ?Led_Show@@YAXHI@Z         0041ae00 f   eos_flash.obj
 0001:00019e70       ?Font_TextWidth@@YAHPBD@Z  0041ae70 f   eos_font.obj
 0001:00019ed0       ?Font_Draw@@YAHHHPBDK@Z    0041aed0 f   eos_font.obj
 0001:0001a050       ?Font_DrawScaled@@YAHHHPBDKM@Z 0041b050 f   eos_font.obj
 0001:0001a270       ?Font_Draw3D@@YAXMMMMMMPBDK@Z 0041b270 f   eos_font.obj
 0001:0001ab60       ?Format_StageDrive@@YAHXZ  0041bb60 f   eos_format.obj
 0001:0001b010       ?Gfx_Init@@YA_NXZ          0041c010 f   eos_gfx.obj
 0001:0001b7c0       ?Gfx_Shutdown@@YAXXZ       0041c7c0 f   eos_gfx.obj
 0001:0001be60       ?Gfx_FillRounded@@YAXHHHHHK@Z 0041ce60 f   eos_gfx.obj
 0001:0001c050       ?Gfx_GlowRounded@@YAXHHHHHK@Z 0041d050 f   eos_gfx.obj
 0001:0001c120       ?Gfx_Begin3D@@YAXXZ        0041d120 f   eos_gfx.obj
 0001:0001c4d0       ?Gfx_Quad3DP@@YAXMMMMMMMMMKPAUD3DTexture@@MMMM@Z 0041d4d0 f   eos_gfx.obj
 0001:0001d110       ?Hdd_Identify@@YAHPAUEosHddInfo@@@Z 0041e110 f   eos_hdd.obj
 0001:000203f0       ?Http_Poll@@YAXXZ          004213f0 f   eos_http.obj
 0001:00029800       ?Image_LoadTexture@@YAHPBDHHPAPAUD3DTexture@@PAH2PAM3@Z 0042a800 f   eos_image.obj
 0001:0002a280       ?LcdCfg_Save@@YAXXZ        0042b280 f   eos_lcd.obj
 0001:0002a750       _Lcd_Tick                  0042b750 f   eos_lcd.obj
 0001:0002a8f0       _Lcd_HandOff               0042b8f0 f   eos_lcd.obj
 0001:0002aba0       _LedPick_Open              0042bba0 f   eos_led.obj
 0001:0002ac30       _LedPick_Frame             0042bc30 f   eos_led.obj
 0001:0002b0e0       ?Menu_DrawIntro@@YAXH@Z    0042c0e0 f   eos_menu.obj
 0001:0002b2b0       ?Model_Init@@YAHXZ         0042c2b0 f   eos_model.obj
 0001:0002b660       ?Model_Free@@YAXXZ         0042c660 f   eos_model.obj
 0001:0002b6c0       ?Model_Draw@@YAXM@Z        0042c6c0 f   eos_model.obj
 0001:0002bcf0       ?Osk_Update@@YAHG@Z        0042ccf0 f   eos_osk.obj
 0001:0002c200       ?Osk_Draw@@YAXXZ           0042d200 f   eos_osk.obj
 0001:0002c650       ?Plasma_Init@@YAHXZ        0042d650 f   eos_plasma.obj
 0001:0002d540       ?Plasma_Draw@@YAXM@Z       0042e540 f   eos_plasma.obj
 0001:0002dae0       _Rtc_Probe                 0042eae0 f   eos_rtc.obj
 0001:0002dc50       _Rtc_Read                  0042ec50 f   eos_rtc.obj
 0001:0002de50       _Rtc_Write                 0042ee50 f   eos_rtc.obj
 0001:0002dfd0       ?Sd_ReadSector@@YAHKPAE@Z  0042efd0 f   eos_sdcard.obj
 0001:000313d0       ?ThemeCustom_Apply@@YAHPBD@Z 004323d0 f   eos_theme_custom.obj
 0001:00031b60       ?ThemeCustom_Scan@@YAHQAY0EA@DH@Z 00432b60 f   eos_theme_custom.obj
 0001:00031cf0       ?SetDat_Read@@YAHPADH@Z    00432cf0 f   eos_theme_custom.obj
 0001:00032050       ?Ui_Backdrop@@YAXXZ        00433050 f   eos_ui.obj
 0001:000325b0       ?Ui_TitleBar@@YAXPBD@Z     004335b0 f   eos_ui.obj
 0001:00032640       ?Ui_PillRow@@YAXHHHHHHHPBD0@Z 00433640 f   eos_ui.obj
 0001:00032cc0       ?Ui_Menu3D@@YAXPAPBDHH@Z   00433cc0 f   eos_ui.obj
 0001:00034350       _f_mount                   00435350 f   ff.obj
 0001:000343c0       _f_lseek                   004353c0 f   ff.obj
 0001:00034610       _ff_wtoupper               00435610 f   ffunicode.obj
 0001:00034770       ?PumpInput@@YAXXZ          00435770 f   input.obj
 0001:000417c0       _main                      004427c0 f   main.obj
 0001:00042520       __ftol2_sse                00443520 f   eos_ftoi.obj
 0001:00042531       _ExQueryNonVolatileSetting@20 00443531 f   xboxkrnl:xboxkrnl.exe
 0001:00042537       _RtlUnwind@16              00443537 f   xboxkrnl:xboxkrnl.exe
 0001:0004253d       _XcSHAFinal@8              0044353d f   xboxkrnl:xboxkrnl.exe
 0001:00042543       _XcSHAUpdate@12            00443543 f   xboxkrnl:xboxkrnl.exe
 0001:00042549       _XcSHAInit@4               00443549 f   xboxkrnl:xboxkrnl.exe
 0001:0004254f       _XcHMAC@28                 0044354f f   xboxkrnl:xboxkrnl.exe
 0001:00042555       _DbgPrint                  00443555 f   xboxkrnl:xboxkrnl.exe
 0001:0004255b       _XcDESKeyParity@8          0044355b f   xboxkrnl:xboxkrnl.exe
 0001:00042561       _XcBlockCryptCBC@28        00443561 f   xboxkrnl:xboxkrnl.exe
 0001:00042567       _XcKeyTable@12             00443567 f   xboxkrnl:xboxkrnl.exe
 0001:0004256d       _XcModExp@20               0044356d f   xboxkrnl:xboxkrnl.exe
 0001:00042573       _XcRC4Crypt@12             00443573 f   xboxkrnl:xboxkrnl.exe
 0001:00042579       _XcRC4Key@12               00443579 f   xboxkrnl:xboxkrnl.exe
 0002:00000000       ?CleanPrivateData@D3D@@YGXPAX@Z 00444000 f   d3d8:resource.obj
 0002:00000050       ?DestroyResource@D3D@@YGXPAUD3DResource@@@Z 00444050 f   d3d8:resource.obj
 0002:000000f0       ?IsResourceSetInDevice@D3D@@YGHPAUD3DResource@@@Z 004440f0 f   d3d8:resource.obj
 0002:00000130       ?InternalAddRefSurface@D3D@@YGXPAUD3DResource@@@Z 00444130 f   d3d8:resource.obj
 0002:00000170       _D3DResource_AddRef@4      00444170 f   d3d8:resource.obj
 0002:000001b0       _D3DResource_Release@4     004441b0 f   d3d8:resource.obj
 0002:00000200       ?InternalReleaseSurface@D3D@@YGXPAUD3DResource@@@Z 00444200 f   d3d8:resource.obj
 0002:00000270       _D3DDevice_SetRenderState_PSTextureModes@4 00444270 f   d3d8:state.obj
 0002:000002a0       @D3DDevice_SetRenderState_Simple@8 004442a0 f   d3d8:state.obj
 0002:000002d0       _D3DDevice_SetRenderStateNotInline@8 004442d0 f   d3d8:state.obj
 0002:00000330       _D3DDevice_GetViewportOffsetAndScale@8 00444330 f   d3d8:state.obj
 0002:00000460       ?UpdateProjectionViewportTransform@D3D@@YGXXZ 00444460 f   d3d8:state.obj
 0002:000005a0       _D3DDevice_SetRenderState_EdgeAntiAlias@4 004445a0 f   d3d8:state.obj
 0002:000005e0       _D3DDevice_SetRenderState_ShadowFunc@4 004445e0 f   d3d8:state.obj
 0002:00000620       _D3DDevice_SetRenderState_FogColor@4 00444620 f   d3d8:state.obj
 0002:00000670       _D3DDevice_SetRenderState_CullMode@4 00444670 f   d3d8:state.obj
 0002:000006e0       _D3DDevice_SetRenderState_FrontFace@4 004446e0 f   d3d8:state.obj
 0002:00000720       _D3DDevice_SetRenderState_NormalizeNormals@4 00444720 f   d3d8:state.obj
 0002:00000760       _D3DDevice_SetRenderState_TextureFactor@4 00444760 f   d3d8:state.obj
 0002:000007c0       _D3DDevice_SetRenderState_LineWidth@4 004447c0 f   d3d8:state.obj
 0002:00000830       _D3DDevice_SetRenderState_Dxt1NoiseEnable@4 00444830 f   d3d8:state.obj
 0002:000008b0       _D3DDevice_SetRenderState_ZBias@4 004448b0 f   d3d8:state.obj
 0002:00000930       _D3DDevice_SetRenderState_LogicOp@4 00444930 f   d3d8:state.obj
 0002:00000990       _D3DDevice_SetRenderState_FillMode@4 00444990 f   d3d8:state.obj
 0002:000009e0       _D3DDevice_SetRenderState_BackFillMode@4 004449e0 f   d3d8:state.obj
 0002:00000a40       _D3DDevice_SetRenderState_TwoSidedLighting@4 00444a40 f   d3d8:state.obj
 0002:00000ac0       _D3DDevice_SetRenderState_VertexBlend@4 00444ac0 f   d3d8:state.obj
 0002:00000b10       _D3DDevice_SetTextureState_TexCoordIndex@8 00444b10 f   d3d8:state.obj
 0002:00000c20       _D3DDevice_SetTextureState_BumpEnv@12 00444c20 f   d3d8:state.obj
 0002:00000c90       _D3DDevice_SetTextureState_BorderColor@8 00444c90 f   d3d8:state.obj
 0002:00000cd0       _D3DDevice_SetTextureState_ColorKeyColor@8 00444cd0 f   d3d8:state.obj
 0002:00000d10       _D3DDevice_SetTextureStageStateNotInline@12 00444d10 f   d3d8:state.obj
 0002:00000e00       ?CommonSetTextureBumpEnv@D3D@@YIPCKPAVCDevice@1@PCK@Z 00444e00 f   d3d8:state.obj
 0002:00000e70       ?CommonSetViewport@D3D@@YIPCKPAVCDevice@1@PCK@Z 00444e70 f   d3d8:state.obj
 0002:00001060       ?CommonSetControl0@D3D@@YIPCKPAVCDevice@1@PCK@Z 00445060 f   d3d8:state.obj
 0002:000010c0       ?CommonSetDebugRegisters@D3D@@YIXXZ 004450c0 f   d3d8:state.obj
 0002:00001190       ?CommonSetMultiSampleModeAndScale@D3D@@YIXPAVCDevice@1@PBU_D3DVIEWPORT8@@@Z 00445190 f   d3d8:state.obj
 0002:000014f0       _D3DDevice_SetRenderState_ZEnable@4 004454f0 f   d3d8:state.obj
 0002:00001580       _D3DDevice_SetRenderState_StencilEnable@4 00445580 f   d3d8:state.obj
 0002:00001620       _D3DDevice_SetRenderState_StencilFail@4 00445620 f   d3d8:state.obj
 0002:00001690       _D3DDevice_SetRenderState_YuvEnable@4 00445690 f   d3d8:state.obj
 0002:000016c0       _D3DDevice_SetRenderState_OcclusionCullEnable@4 004456c0 f   d3d8:state.obj
 0002:00001730       _D3DDevice_SetRenderState_StencilCullEnable@4 00445730 f   d3d8:state.obj
 0002:000017a0       _D3DDevice_SetRenderState_RopZCmpAlwaysRead@4 004457a0 f   d3d8:state.obj
 0002:000017c0       _D3DDevice_SetRenderState_RopZRead@4 004457c0 f   d3d8:state.obj
 0002:000017e0       _D3DDevice_SetRenderState_DoNotCullUncompressed@4 004457e0 f   d3d8:state.obj
 0002:00001800       _D3DDevice_SetRenderState_MultiSampleMode@4 00445800 f   d3d8:state.obj
 0002:00001830       _D3DDevice_SetRenderState_MultiSampleRenderTargetMode@4 00445830 f   d3d8:state.obj
 0002:00001860       _D3DDevice_SetRenderState_MultiSampleAntiAlias@4 00445860 f   d3d8:state.obj
 0002:000018e0       _D3DDevice_SetRenderState_MultiSampleMask@4 004458e0 f   d3d8:state.obj
 0002:00001930       _D3DDevice_SetRenderState_SampleAlpha@4 00445930 f   d3d8:state.obj
 0002:00001980       _D3DDevice_SetTransform@8  00445980 f   d3d8:d3dbase.obj
 0002:00001aa0       _D3DDevice_GetTransform@8  00445aa0 f   d3d8:d3dbase.obj
 0002:00001ad0       _D3DDevice_GetViewport@4   00445ad0 f   d3d8:d3dbase.obj
 0002:00001b10       _D3DDevice_SetMaterial@4   00445b10 f   d3d8:d3dbase.obj
 0002:00001b40       _D3DDevice_Release@0       00445b40 f   d3d8:d3dbase.obj
 0002:00001b80       _D3DDevice_BlockUntilIdle@0 00445b80 f   d3d8:d3dbase.obj
 0002:00001b90       _D3DDevice_BlockUntilVerticalBlank@0 00445b90 f   d3d8:d3dbase.obj
 0002:00001bc0       _D3DDevice_SetFlickerFilter@4 00445bc0 f   d3d8:d3dbase.obj
 0002:00001c10       _D3DDevice_SetSoftDisplayFilter@4 00445c10 f   d3d8:d3dbase.obj
 0002:00001c70       ?GetPitch@PixelJar@D3D@@YGKPAUD3DPixelContainer@@@Z 00445c70 f i d3d8:d3dbase.obj
 0002:00001ce0       _D3DDevice_SetRenderTarget@8 00445ce0 f   d3d8:d3dbase.obj
 0002:00001f60       _D3DDevice_GetBackBuffer2@4 00445f60 f   d3d8:d3dbase.obj
 0002:00001fb0       _D3DDevice_SetViewport@4   00445fb0 f   d3d8:d3dbase.obj
 0002:000021e0       _D3DDevice_SetLight@8      004461e0 f   d3d8:d3dbase.obj
 0002:000024a0       _D3DDevice_LightEnable@8   004464a0 f   d3d8:d3dbase.obj
 0002:00002600       _D3DDevice_SetTexture@8    00446600 f   d3d8:d3dbase.obj
 0002:000027b0       _D3DDevice_SetIndices@8    004467b0 f   d3d8:d3dbase.obj
 0002:00002840       _D3DDevice_IsBusy@0        00446840 f   d3d8:d3dbase.obj
 0002:00002870       ?SetTileNoWait@D3D@@YGXKPBU_D3DTILE@@@Z 00446870 f   d3d8:d3dbase.obj
 0002:00002950       _D3DDevice_SetScissors@12  00446950 f   d3d8:d3dbase.obj
 0002:00002c50       _D3DDevice_SetScreenSpaceOffset@8 00446c50 f   d3d8:d3dbase.obj
 0002:00002ca0       ?D3DInternals@D3D@@YAJKPAX@Z 00446ca0 f   d3d8:d3dbase.obj
 0002:00002ef0       ?FastCopyToWC@D3D@@YGXPCKPAKK@Z 00446ef0 f   d3d8:drawprim.obj
 0002:00002f80       _D3DDevice_DrawVerticesUP@16 00446f80 f   d3d8:drawprim.obj
 0002:000030f0       _D3DDevice_DrawIndexedVertices@12 004470f0 f   d3d8:drawprim.obj
 0002:00003350       _D3DDevice_SetVertexData2f@12 00447350 f   d3d8:drawprim.obj
 0002:00003390       _D3DDevice_Begin@4         00447390 f   d3d8:drawprim.obj
 0002:000033d0       _D3DDevice_End@0           004473d0 f   d3d8:drawprim.obj
 0002:00003420       _Direct3DCreate8@4         00447420 f   d3d8:enum.obj
 0002:00003430       _D3DDevice_CreateTexture2@28 00447430 f   d3d8:texture.obj
 0002:000034e0       _D3DTexture_LockRect@20    004474e0 f   d3d8:texture.obj
 0002:00003ff0       _D3DDevice_Swap@4          00447ff0 f   d3d8:present.obj
 0002:000040e0       ?GPUScale@D3D@@YGXPAUD3DSurface@@0M@Z 004480e0 f   d3d8:present.obj
 0002:000041a0       _D3DDevice_Clear@24        004481a0 f   d3d8:clear.obj
 0002:00004590       ?InitializeVertexShaderFromFvf@D3D@@YGXPAUVertexShader@1@K@Z 00448590 f   d3d8:vshader.obj
 0002:000046d0       ?ShadowVertexShaderState@D3D@@YGXPAUVertexShader@1@K@Z 004486d0 f   d3d8:vshader.obj
 0002:00004780       ?ParseProgram@D3D@@YGPCKPCKPBKK@Z 00448780 f   d3d8:vshader.obj
 0002:000047f0       _D3DDevice_SetStreamSource@12 004487f0 f   d3d8:vshader.obj
 0002:00004880       _D3DDevice_LoadVertexShader@8 00448880 f   d3d8:vshader.obj
 0002:000048e0       _D3DDevice_SelectVertexShader@8 004488e0 f   d3d8:vshader.obj
 0002:00004980       _D3DDevice_SetShaderConstantMode@4 00448980 f   d3d8:vshader.obj
 0002:00004aa0       ?RestoreVertexShaders@D3D@@YGXPBKK@Z 00448aa0 f   d3d8:vshader.obj
 0002:00004ae0       ?CommonSetPassthroughProgram@D3D@@YIXPAVCDevice@1@@Z 00448ae0 f   d3d8:vshader.obj
 0002:00004bd0       _D3DDevice_SetVertexShader@4 00448bd0 f   d3d8:vshader.obj
 0002:00004d40       _Direct3D_CreateDevice@24  00448d40 f   d3d8:d3ddev.obj
 0002:00004df0       _D3DDevice_CreateIndexBuffer2@4 00448df0 f   d3d8:buffer.obj
 0002:00004e30       _D3DDevice_CreateVertexBuffer2@4 00448e30 f   d3d8:buffer.obj
 0002:00004e80       _D3DVertexBuffer_Lock2@8   00448e80 f   d3d8:buffer.obj
 0002:00004ed0       _D3DPalette_Lock2@8        00448ed0 f   d3d8:buffer.obj
 0002:00004ef0       _D3DPalette_GetSize@4      00448ef0 f   d3d8:buffer.obj
 0002:00004f00       ?BusyLoop@D3D@@YGXXZ       00448f00 f   d3d8:pusher.obj
 0002:00004f20       ?ComputeGap@D3D@@YIKPAVCDevice@1@PAUFence@1@PCK@Z 00448f20 f   d3d8:pusher.obj
 0002:00004f50       ?DumpMatrixTransposed@D3D@@YGXPCKKPBU_D3DMATRIX@@@Z 00448f50 f   d3d8:pusher.obj
 0002:00004fc0       ?InitializePushBuffer@CDevice@D3D@@QAEJXZ 00448fc0 f   d3d8:pusher.obj
 0002:00005060       ?UninitializePushBuffer@CDevice@D3D@@QAEXXZ 00449060 f   d3d8:pusher.obj
 0002:00005190       ?GpuGet@CDevice@D3D@@QAEPCKXZ 00449190 f   d3d8:pusher.obj
 0002:00005210       ?GpuGetOrNewer@D3D@@YGPCKPAVCDevice@1@H@Z 00449210 f   d3d8:pusher.obj
 0002:00005290       ?FlushWCCache@D3D@@YGXXZ   00449290 f   d3d8:pusher.obj
 0002:000052c0       ?KickOff@CDevice@D3D@@QAEXXZ 004492c0 f   d3d8:pusher.obj
 0002:00005370       ?ReentrantKickOffAndWait@CDevice@D3D@@QAEXXZ 00449370 f   d3d8:pusher.obj
 0002:000053e0       ?SetFence@D3D@@YGKK@Z      004493e0 f   d3d8:pusher.obj
 0002:000054a0       ?BlockOnTime@D3D@@YGXKK@Z  004494a0 f   d3d8:pusher.obj
 0002:00005610       ?MakeRequestedSpace@D3D@@YGPCKKK@Z 00449610 f   d3d8:pusher.obj
 0002:00005750       _D3DDevice_MakeSpace@0     00449750 f   d3d8:pusher.obj
 0002:00005760       _D3DDevice_BeginStateBig@4 00449760 f   d3d8:pusher.obj
 0002:000057b0       ?KickOffAndWaitForIdle@D3D@@YGXXZ 004497b0 f   d3d8:pusher.obj
 0002:000057d0       ?BlockOnResource@D3D@@YGXPAUD3DResource@@@Z 004497d0 f   d3d8:pusher.obj
 0002:00005850       ?BlockOnNonSurfaceResource@D3D@@YGXPAUD3DResource@@@Z 00449850 f   d3d8:pusher.obj
 0002:00005890       ?XformBy4x3@D3D@@YGXPAU_D3DVECTOR@@PBU2@MPBU_D3DMATRIX@@@Z 00449890 f   d3d8:math.obj
 0002:000058f0       ?MatrixProduct4x4@D3D@@YGXPAU_D3DMATRIX@@PBU2@1@Z 004498f0 f   d3d8:math.obj
 0002:000059f0       ?Explut@D3D@@YGXMPAM0@Z    004499f0 f   d3d8:math.obj
 0002:00005ac0       ?JBInvSqrt@D3D@@YGMM@Z     00449ac0 f   d3d8:math.obj
 0002:00005b20       ?nvInv@D3D@@YGMM@Z         00449b20 f   d3d8:math.obj
 0002:00005b50       ?NormalizeVector3@D3D@@YGXPAU_D3DVECTOR@@@Z 00449b50 f   d3d8:math.obj
 0002:00005ba0       ?Inverse4x4@D3D@@YGHPAU_D3DMATRIX@@PBU2@H@Z 00449ba0 f   d3d8:math.obj
 0002:000060f0       ?FloatToLong@D3D@@YGJM@Z   0044a0f0 f   d3d8:floatmath.obj
 0002:00006100       ?Cos@D3D@@YGMM@Z           0044a100 f   d3d8:floatmath.obj
 0002:00006110       ?Exp@D3D@@YGMM@Z           0044a110 f   d3d8:floatmath.obj
 0002:00006170       ?Log@D3D@@YGMM@Z           0044a170 f   d3d8:floatmath.obj
 0002:0000617b       ?DacProgramVideoStart@CMiniport@D3D@@QAEXK@Z 0044a17b f   d3d8:mpdac.obj
 0002:000061fd       ?DacProgramGammaRamp@CMiniport@D3D@@QAEXPAU_D3DGAMMARAMP@@@Z 0044a1fd f   d3d8:mpdac.obj
 0002:00006260       ?InitializeKelvin@D3D@@YGXXZ 0044a260 f   d3d8:dxgcreate.obj
 0002:00006350       ?InitializeHardware@D3D@@YGXXZ 0044a350 f   d3d8:dxgcreate.obj
 0002:00006460       ?InitializeD3dState@D3D@@YGXXZ 0044a460 f   d3d8:dxgcreate.obj
 0002:00006530       ?FreeFrameBuffers@CDevice@D3D@@QAEXXZ 0044a530 f   d3d8:dxgcreate.obj
 0002:00006660       ?InitializeFrameBuffers@CDevice@D3D@@QAEJPAU_D3DPRESENT_PARAMETERS_@@@Z 0044a660 f   d3d8:dxgcreate.obj
 0002:00006c00       ?Init@CDevice@D3D@@QAEJPAU_D3DPRESENT_PARAMETERS_@@@Z 0044ac00 f   d3d8:dxgcreate.obj
 0002:000070d0       ?UnInit@CDevice@D3D@@QAEXXZ 0044b0d0 f   d3d8:dxgcreate.obj
 0002:00007280       ?Log2@D3D@@YIKK@Z          0044b280 f   d3d8:pixeljar.obj
 0002:00007290       ?MapToLinearD3DFORMAT@D3D@@YG?AW4_D3DFORMAT@@W42@@Z 0044b290 f   d3d8:pixeljar.obj
 0002:00007350       ?VideoBitsPerPixelOfD3DFORMAT@D3D@@YGKW4_D3DFORMAT@@@Z 0044b350 f   d3d8:pixeljar.obj
 0002:00007380       ?CalcTilePitch@D3D@@YGKKW4_D3DFORMAT@@@Z 0044b380 f   d3d8:pixeljar.obj
 0002:000073c0       ?GetSurfaceFormat@PixelJar@D3D@@YGKPAUD3DPixelContainer@@0@Z 0044b3c0 f   d3d8:pixeljar.obj
 0002:000074e0       ?GetDepthBufferScale@PixelJar@D3D@@YGXPAUD3DPixelContainer@@PAM@Z 0044b4e0 f   d3d8:pixeljar.obj
 0002:00007550       ?FindSurfaceWithinTexture@PixelJar@D3D@@YGXPAUD3DPixelContainer@@W4_D3DCUBEMAP_FACES@@IPAPAEPAK333@Z 0044b550 f   d3d8:pixeljar.obj
 0002:00007780       ?Lock2DSurface@PixelJar@D3D@@YGXPAUD3DPixelContainer@@W4_D3DCUBEMAP_FACES@@IPAU_D3DLOCKED_RECT@@PBUtagRECT@@K@Z 0044b780 f   d3d8:pixeljar.obj
 0002:00007820       ?EncodeFormat@PixelJar@D3D@@YGKKKKKW4_D3DFORMAT@@KHHPAK1@Z 0044b820 f   d3d8:pixeljar.obj
 0002:00007a15       ?GetDisplayCapabilities@CMiniport@D3D@@SGKXZ 0044ba15 f   d3d8:mpmode.obj
 0002:00007a34       ?GetTableForCurrentAvInfo@D3D@@YGPBUDISPLAYMODE@1@XZ 0044ba34 f   d3d8:mpmode.obj
 0002:00007aad       ?SetVideoMode@CMiniport@D3D@@QAEJKKKKW4_D3DFORMAT@@KK@Z 0044baad f   d3d8:mpmode.obj
 0002:00007d20       ?IsFlipPending@CMiniport@D3D@@QAEHXZ 0044bd20 f   d3d8:mpintr.obj
 0002:00007d40       ?GetTime@CMiniport@D3D@@QAEKXZ 0044bd40 f i d3d8:mpintr.obj
 0002:00007d50       ?Isr@CMiniport@D3D@@SGEPAU_KINTERRUPT@@PAX@Z 0044bd50 f   d3d8:mpintr.obj
 0002:00007e70       ?ServiceQueuedFlips@CMiniport@D3D@@AAEKXZ 0044be70 f   d3d8:mpintr.obj
 0002:00007f50       ?VBlank@CMiniport@D3D@@AAEKXZ 0044bf50 f   d3d8:mpintr.obj
 0002:00008060       ?ServiceTimerInterrupt@CMiniport@D3D@@AAEKXZ 0044c060 f   d3d8:mpintr.obj
 0002:00008190       ?ShutdownNotification@CMiniport@D3D@@SGXPAU_HAL_SHUTDOWN_REGISTRATION@@@Z 0044c190 f   d3d8:mpintr.obj
 0002:00008200       ?ReportHardwareError@D3D@@YGXKKKK@Z 0044c200 f   d3d8:mpintr.obj
 0002:00008250       ?SoftwareMethod@CMiniport@D3D@@AAEXK@Z 0044c250 f   d3d8:mpintr.obj
 0002:000084c0       ?ServiceGrInterrupt@CMiniport@D3D@@AAEKXZ 0044c4c0 f   d3d8:mpintr.obj
 0002:00008570       ?ServiceFifoInterrupt@CMiniport@D3D@@AAEKXZ 0044c570 f   d3d8:mpintr.obj
 0002:00008700       ?Dpc@CMiniport@D3D@@SGXPAU_KDPC@@PAX11@Z 0044c700 f   d3d8:mpintr.obj
 0002:000087d7       ?ReserveInstMem@CMiniport@D3D@@AAEKK@Z 0044c7d7 f   d3d8:mpcore.obj
 0002:000087ea       ?InitGammaRamp@CMiniport@D3D@@AAEXK@Z 0044c7ea f   d3d8:mpcore.obj
 0002:0000882a       ?InitDMAChannel@CMiniport@D3D@@QAEHKPAUOBJECTINFO@12@0KPAPAX@Z 0044c82a f   d3d8:mpcore.obj
 0002:0000888d       ?BindToChannel@CMiniport@D3D@@QAEHPAUOBJECTINFO@12@@Z 0044c88d f   d3d8:mpcore.obj
 0002:000088c1       ?MapRegisters@CMiniport@D3D@@AAEHXZ 0044c8c1 f   d3d8:mpcore.obj
 0002:000088ec       ?GetGeneralInfo@CMiniport@D3D@@AAEHXZ 0044c8ec f   d3d8:mpcore.obj
 0002:0000892d       ?InitEngines@CMiniport@D3D@@AAEHXZ 0044c92d f   d3d8:mpcore.obj
 0002:000089b0       ?LoadEngines@CMiniport@D3D@@AAEHXZ 0044c9b0 f   d3d8:mpcore.obj
 0002:00008a48       ?GetAddressInfo@CMiniport@D3D@@AAEXPAXPAPAXPAKH@Z 0044ca48 f   d3d8:mpcore.obj
 0002:00008aa2       ?CreateCtxDmaObject@CMiniport@D3D@@QAEHKKPAXKPAUOBJECTINFO@12@@Z 0044caa2 f   d3d8:mpcore.obj
 0002:00008b71       ?CreateGrObject@CMiniport@D3D@@QAEHKKPAUOBJECTINFO@12@@Z 0044cb71 f   d3d8:mpcore.obj
 0002:00008c01       ?TilingUpdateIdle@CMiniport@D3D@@QAEXPAK@Z 0044cc01 f   d3d8:mpcore.obj
 0002:00008c6c       ?GetTimerTime@CMiniport@D3D@@AAE_KXZ 0044cc6c f   d3d8:mpcore.obj
 0002:00008c81       ?EnableTimer@CMiniport@D3D@@AAEXH@Z 0044cc81 f   d3d8:mpcore.obj
 0002:00008c9f       ?SetTimerAlarm@CMiniport@D3D@@AAEX_KH@Z 0044cc9f f   d3d8:mpcore.obj
 0002:00008d6d       ?ApplyLGSFix@CMiniport@D3D@@QAEXXZ 0044cd6d f   d3d8:mpcore.obj
 0002:00008db4       ?InitHardware@CMiniport@D3D@@QAEHXZ 0044cdb4 f   d3d8:mpcore.obj
 0002:00008f16       ?CreateTile@CMiniport@D3D@@QAEHKKKKKKK@Z 0044cf16 f   d3d8:mpcore.obj
 0002:00009104       ?DestroyTile@CMiniport@D3D@@QAEHKK@Z 0044d104 f   d3d8:mpcore.obj
 0002:000091c6       ?ShutdownEngines@CMiniport@D3D@@QAEXXZ 0044d1c6 f   d3d8:mpcore.obj
 0002:00009430       ?LazySetPointParams@D3D@@YGXPAVCDevice@1@@Z 0044d430 f   d3d8:lazy.obj
 0002:000095a0       ?LazySetShaderStageProgram@D3D@@YGXPAVCDevice@1@@Z 0044d5a0 f   d3d8:lazy.obj
 0002:00009920       ?LazySetTextureState@D3D@@YGXPAVCDevice@1@K@Z 0044d920 f   d3d8:lazy.obj
 0002:00009b10       ?LazySetSpecFogCombiner@D3D@@YGXPAVCDevice@1@@Z 0044db10 f   d3d8:lazy.obj
 0002:00009cf0       ?LazySetTextureTransform@D3D@@YGXPAVCDevice@1@@Z 0044dcf0 f   d3d8:lazy.obj
 0002:0000a4a0       ?LazySetLights@D3D@@YGXPAVCDevice@1@K@Z 0044e4a0 f   d3d8:lazy.obj
 0002:0000a7f0       ?LazySetTransform@D3D@@YGXPAVCDevice@1@K@Z 0044e7f0 f   d3d8:lazy.obj
 0002:0000a9f0       ?LazySetState@D3D@@YGXXZ   0044e9f0 f   d3d8:lazy.obj
 0002:0000aa70       ?LazySetStateVB@CDevice@D3D@@QAEXK@Z 0044ea70 f   d3d8:lazy.obj
 0002:0000ac10       ?LazySetStateUP@CDevice@D3D@@QAEXXZ 0044ec10 f   d3d8:lazy.obj
 0002:0000ad50       ?InitializeSurface@D3D@@YGXPAUD3DSurface@@KKPAX@Z 0044ed50 f   d3d8:surface.obj
 0002:0000ad80       _D3DDevice_SetPixelShader@4 0044ed80 f   d3d8:pshader.obj
 0002:0000af80       ?InitSurfaceHeader@D3D@@YGXIIW4_D3DFORMAT@@PAUD3DSurface@@II@Z 0044ef80 f   d3d8:shadersnapshot.obj
 0002:0000afd0       ?HandleShaderSnapshotPreSwap@D3D@@YGXXZ 0044efd0 f   d3d8:shadersnapshot.obj
 0002:0000b080       ?HandleMovieFrameIdle@D3D@@YGXXZ 0044f080 f   d3d8:shadersnapshot.obj
 0002:0000b400       ?HandleShaderSnapshotOpcode@D3D@@YGXXZ 0044f400 f   d3d8:shadersnapshot.obj
 0002:0000b970       ?DBGPRINT@D3D@@YAXPADZZ    0044f970 f   d3d8:debug.obj
 0002:0000b9b0       ?FixupPushBuffer@D3D@@YGXPAUPushBufferFixup@1@@Z 0044f9b0 f   d3d8:pushres.obj
 0002:0000ba41       ?HalMcControlInit@CMiniport@D3D@@AAEXXZ 0044fa41 f   d3d8:mphal.obj
 0002:0000bba8       ?HalFbControlInit@CMiniport@D3D@@AAEXXZ 0044fba8 f   d3d8:mphal.obj
 0002:0000bca6       ?HalDacControlInit@CMiniport@D3D@@AAEXXZ 0044fca6 f   d3d8:mphal.obj
 0002:0000bd75       ?HalVideoControlInit@CMiniport@D3D@@AAEXXZ 0044fd75 f   d3d8:mphal.obj
 0002:0000bdab       ?HalGrControlInit@CMiniport@D3D@@AAEXXZ 0044fdab f   d3d8:mphal.obj
 0002:0000bddb       ?HalFifoControlInit@CMiniport@D3D@@AAEXXZ 0044fddb f   d3d8:mphal.obj
 0002:0000be4c       ?HalGrIdle@CMiniport@D3D@@AAEXXZ 0044fe4c f   d3d8:mphal.obj
 0002:0000be8b       ?HalGrUnloadChannelContext@CMiniport@D3D@@AAEXK@Z 0044fe8b f   d3d8:mphal.obj
 0002:0000bec4       ?HalFifoContextSwitch@CMiniport@D3D@@AAEXK@Z 0044fec4 f   d3d8:mphal.obj
 0002:0000c0c1       ?HalDacLoad@CMiniport@D3D@@AAEXXZ 004500c1 f   d3d8:mphal.obj
 0002:0000c0d3       ?HalFifoAllocDMA@CMiniport@D3D@@AAEXKKKPAUOBJECTINFO@12@@Z 004500d3 f   d3d8:mphal.obj
 0002:0000c260       ?HalFifoHashAdd@CMiniport@D3D@@AAEXKKKKK@Z 00450260 f   d3d8:mphal.obj
 0002:0000c299       ?HalGrInitObjectContext@CMiniport@D3D@@AAEXKK@Z 00450299 f   d3d8:mphal.obj
 0002:0000c30e       ?HalGrInit3d@CMiniport@D3D@@AAEXXZ 0045030e f   d3d8:mphal.obj
 0002:0000cced       ?HalGrLoadChannelContext@CMiniport@D3D@@AAEXK@Z 00450ced f   d3d8:mphal.obj
 0002:0000ce10       ?HalFifoControlLoad@CMiniport@D3D@@AAEXXZ 00450e10 f   d3d8:mphal.obj
 0002:0000ce91       ?HalGrControlLoad@CMiniport@D3D@@AAEXXZ 00450e91 f   d3d8:mphal.obj
 0002:0000d1b0       ?LazySetCombiners@D3D@@YGKPAVCDevice@1@K@Z 004511b0 f   d3d8:combiner.obj
 0002:0000d770       ?g_TextureFormat@D3D@@3QBEB 00451770     d3d8:state.obj
 0002:0000d7b4       ?g_LODBias2x@D3D@@3QBMB    004517b4     d3d8:state.obj
 0002:0000d7d0       ?g_ComplexRenderStateFunctionTable@D3D@@3QBQ6GXK@ZB 004517d0     d3d8:state.obj
 0002:0000d84c       ?g_DefaultViewport@D3D@@3U_D3DVIEWPORT8@@B 0045184c     d3d8:d3dbase.obj
 0002:0000d878       ?g_TilePitches@D3D@@3QBKB  00451878     d3d8:d3dbase.obj
 0002:0000d8e0       ?g_TransformDirtyTable@D3D@@3QBKB 004518e0     d3d8:d3dbase.obj
 0002:0000d908       ?g_AntiAliasedTextureStates@D3D@@3QBKB 00451908     d3d8:present.obj
 0002:0000d960       ?g_AntiAliasedRenderStates@D3D@@3QBKB 00451960     d3d8:present.obj
 0002:0000da00       ?g_PassthruProgramPositionAndTexture@D3D@@3QBKB 00451a00     d3d8:present.obj
 0002:0000da20       ?g_BytesPerUnit@D3D@@3QBEB 00451a20     d3d8:vshader.obj
 0002:0000da28       ?g_UnitsOfElement@D3D@@3QBEB 00451a28     d3d8:vshader.obj
 0002:0000da30       ?g_IdentityMatrix@D3D@@3U_D3DMATRIX@@B 00451a30     d3d8:vshader.obj
 0002:0000da70       ?g_FixedFunctionPipelineConstants@D3D@@3QBKB 00451a70     d3d8:vshader.obj
 0002:0000daa0       ?g_PassthruProgramWFog@D3D@@3QBKB 00451aa0     d3d8:vshader.obj
 0002:0000db60       ?g_PassthruProgramZFog@D3D@@3QBKB 00451b60     d3d8:vshader.obj
 0002:0000dc10       ?g_PassthruProgramSpecularFog@D3D@@3QBKB 00451c10     d3d8:vshader.obj
 0002:0000dcd0       ?g_TextureCount@D3D@@3QBKB 00451cd0     d3d8:vshader.obj
 0002:0000dce0       ?g_MinFilter@D3D@@3QAY02$$CBKA 00451ce0     d3d8:precomp.obj
 0002:0000dd00       ?g_Mar@D3D@@3QBMB          00451d00     d3d8:math.obj
 0002:0000dd80       ?g_Lar@D3D@@3QBMB          00451d80     d3d8:math.obj
 0002:0000de00       ?g_InitialTextureStates@D3D@@3QBEB 00451e00     d3d8:dxgcreate.obj
 0002:0000de20       ?g_InitialRenderStates@D3D@@3QBKB 00451e20     d3d8:dxgcreate.obj
 0002:0000dfd8       ?g_DisplayModes@D3D@@3QBUDISPLAYMODE@1@B 00451fd8     d3d8:mpmode.obj
 0002:0000e888       ??_C@_0ED@CEHICPLJ@?5?5?5Type?3?5?$CFi?6?5Source?3?5?$CF08x?6?5?5Clas@ 00452888     d3d8:mpintr.obj
 0002:0000e8d0       ??_C@_0FL@LBCDANFN@GPU?5generated?5an?5error?$CB?6Try?5repr@ 004528d0     d3d8:mpintr.obj
 0002:0000e934       ??_C@_0CA@GJMEKBLB@Wait?5for?5image?5write?5timed?9out?6?$AA@ 00452934     d3d8:shadersnapshot.obj
 0002:0000e954       ??_C@_0BP@BPOFKPAI@Wait?5for?5image?5read?5timed?9out?6?$AA@ 00452954     d3d8:shadersnapshot.obj
 0002:0000e974       ??_C@_0DB@PLEMIDFP@Unable?5to?5re?9open?5movie?5cache?5fi@ 00452974     d3d8:shadersnapshot.obj
 0002:0000e9a8       ??_C@_05CCMOGDN@?$CFs?3?$CFs?$AA@ 004529a8     d3d8:shadersnapshot.obj
 0002:0000e9b0       ??_C@_0N@HDMAKJFI@1?400?45849?415?$AA@ 004529b0     d3d8:shadersnapshot.obj
 0002:0000e9c0       ??_C@_07LHBDFJPO@Release?$AA@ 004529c0     d3d8:shadersnapshot.obj
 0002:0000e9c8       ??_C@_0BM@PMANFOOE@createfile?5error?5?9?5st?$DN?$CF08x?6?$AA@ 004529c8     d3d8:shadersnapshot.obj
 0002:0000e9e4       ??_C@_0CF@JAIFDFBO@GetDiskFreeSpaceEx?5failed?5with?5?$CF@ 004529e4     d3d8:shadersnapshot.obj
 0002:0000ea0c       ??_C@_02HGOPDIBI@t?3?$AA@  00452a0c     d3d8:shadersnapshot.obj
 0002:0000eb00       ??_C@_09FBGPICKC@CopyRects?$AA@ 00452b00     d3d8:pushres.obj
 0002:0000eb0c       ??_C@_0BC@JNDDCMEE@EndVisibilityTest?$AA@ 00452b0c     d3d8:pushres.obj
 0002:0000eb20       ??_C@_0L@BGIJEDPF@SetPalette?$AA@ 00452b20     d3d8:pushres.obj
 0002:0000eb2c       ??_C@_0L@BPHKIMHE@SetTexture?$AA@ 00452b2c     d3d8:pushres.obj
 0002:0000eb38       ??_C@_0BF@MPBJCMNM@SetVertexShaderInput?$AA@ 00452b38     d3d8:pushres.obj
 0002:0000eb50       ??_C@_0BA@LPDJAFGN@SetRenderTarget?$AA@ 00452b50     d3d8:pushres.obj
 0002:0000eb64       ?g_OverscanColor@D3D@@3KA  00452b64     d3d8:d3dbase.obj
 0002:0000eb68       ?g_SoftDisplayFilterValue@D3D@@3HA 00452b68     d3d8:d3dbase.obj
 0002:0000eb6c       ?g_FlickerFilterValue@D3D@@3KA 00452b6c     d3d8:d3dbase.obj
 0002:0000eb70       ?g_SoftDisplayFilterSet@D3D@@3HA 00452b70     d3d8:d3dbase.obj
 0002:0000eb74       ?g_FlickerFilterSet@D3D@@3HA 00452b74     d3d8:d3dbase.obj
 0002:0000eb80       ?g_VertexShaderConstants@@3PAY03MA 00452b80     d3d8:globals.obj
 0002:0000f780       ?g_NullHardwareGetPut@@3PAKA 00453780     d3d8:globals.obj
 0002:0000f788       _D3D__AvInfo               00453788     d3d8:globals.obj
 0002:0000f78c       _D3D__GpuReg               0045378c     d3d8:globals.obj
 0002:0000f790       _D3D__NullHardware         00453790     d3d8:globals.obj
 0002:0000f794       _D3D__IndexData            00453794     d3d8:globals.obj
 0002:0000f798       _D3D__DirtyFlags           00453798     d3d8:globals.obj
 0002:0000f7a0       _D3D__TextureState         004537a0     d3d8:globals.obj
 0002:0000f9a0       _D3D__RenderState          004539a0     d3d8:globals.obj
 0002:0000fc38       _D3D__pDevice              00453c38     d3d8:globals.obj
 0002:0000fc40       _D3D__Device               00453c40     d3d8:globals.obj
 0002:000120e0       ?g_Stream@D3D@@3PAUStream@1@A 004560e0     d3d8:vshader.obj
 0002:000121a0       ?g_DirectVertexShader@D3D@@3UVertexShader@1@A 004561a0     d3d8:vshader.obj
 0002:000122b8       ?g_FvfVertexShader@D3D@@3UVertexShader@1@A 004562b8     d3d8:vshader.obj
 0002:000123d0       ?m_PushSegmentSize@CDevice@D3D@@2KA 004563d0     d3d8:dxgcreate.obj
 0002:000123d4       ?m_PushBufferSize@CDevice@D3D@@2KA 004563d4     d3d8:dxgcreate.obj
 0002:000123d8       ?g_VideoOffset@D3D@@3KA    004563d8     d3d8:mpintr.obj
 0002:00012420       ?g_pFixup@D3D@@3PAUD3DFixup@@A 00456420     d3d8:pushres.obj
 0003:00000000       ?SockReadWsaBufs@CXnSock@@CGXPAU_WSABUF@@IIPAEI@Z 00457000 f   xnet:sock.obj
 0003:0000006a       _WSAGetLastError@0         0045706a f   xnet:sock.obj
 0003:0000006f       ?Lock@CSocket@@SGPAV1@I@Z  0045706f f   xnet:sock.obj
 0003:000000c7       ?SockInit@CXnSock@@QAEJPAUXNetInitParams@@@Z 004570c7 f   xnet:sock.obj
 0003:0000010e       ?SetFlagsAndOr@CSocket@@QAEXKK@Z 0045710e f   xnet:sock.obj
 0003:00000142       ??0CArpEntry@CXnEnet@@QAE@XZ 00457142 f i xnet:xnet.obj
 0003:00000142       ??0CIpAddr@@QAE@XZ         00457142 f i xnet:sock.obj
 0003:00000145       ?SockFree@CXnSock@@AAEXPAVCSocket@@@Z 00457145 f   xnet:sock.obj
 0003:00000172       ?SockReleaseSendBuf@CXnSock@@AAEXPAVCSendBuf@@@Z 00457172 f   xnet:sock.obj
 0003:0000018d       ?SockFlushRecvBuffers@CXnSock@@AAEXPAVCSocket@@@Z 0045718d f   xnet:sock.obj
 0003:000001bd       ?ioctlsocket@CXnSock@@QAEHIJPAK@Z 004571bd f   xnet:sock.obj
 0003:00000286       ?SockUpdateBufferSize@CXnSock@@AAEJPAVCSocket@@HH@Z 00457286 f   xnet:sock.obj
 0003:000002e2       ?SockBind@CXnSock@@AAEJPAVCSocket@@UCIpPort@@@Z 004572e2 f   xnet:sock.obj
 0003:000003fb       ?listen@CXnSock@@QAEHIH@Z  004573fb f   xnet:sock.obj
 0003:0000047e       ?SockCheckSelectEvents@CXnSock@@AAEHPAVCSocket@@HH@Z 0045747e f   xnet:sock.obj
 0003:00000583       ?RecvReqEnqueue@CXnSock@@AAEJPAVCSocket@@PAVCRecvReq@@@Z 00457583 f   xnet:sock.obj
 0003:000005f8       ?SockQueueOverlappedSend@CXnSock@@AAEJPAVCSocket@@PAVCSendReq@@@Z 004575f8 f   xnet:sock.obj
 0003:000006c4       _htons@4                   004576c4 f   xnet:sock.obj
 0003:000006d3       ?SockWaitForEvent@CXnSock@@AAEJPAVCSocket@@HI@Z 004576d3 f   xnet:sock.obj
 0003:00000756       ?SockReqComplete@CXnSock@@AAEXPAVCSocket@@PAVCSockReq@@J@Z 00457756 f   xnet:sock.obj
 0003:000007a8       ?SockReset@CXnSock@@AAEXUCIpAddr@@@Z 004577a8 f   xnet:sock.obj
 0003:00000826       ?SockCleanup@CXnSock@@AAEXPAVCSocket@@@Z 00457826 f   xnet:sock.obj
 0003:0000089a       ?setsockopt@CXnSock@@QAEHIHHPBDH@Z 0045789a f   xnet:sock.obj
 0003:00000a90       ?bind@CXnSock@@QAEHIPBUsockaddr@@H@Z 00457a90 f   xnet:sock.obj
 0003:00000b14       ?accept@CXnSock@@QAEIIPAUsockaddr@@PAH@Z 00457b14 f   xnet:sock.obj
 0003:00000c27       ?SockRead@CXnSock@@AAEJPAVCSocket@@PAVCRecvReq@@@Z 00457c27 f   xnet:sock.obj
 0003:00000de3       ?SockSend@CXnSock@@AAEJPAVCSocket@@PAVCSendReq@@@Z 00457de3 f   xnet:sock.obj
 0003:00000efc       ?SockFindMatch@CXnSock@@AAEPAVCSocket@@UCIpPort@@UCIpAddr@@0EH@Z 00457efc f   xnet:sock.obj
 0003:00000f97       ?SockClose@CXnSock@@AAEJPAVCSocket@@H@Z 00457f97 f   xnet:sock.obj
 0003:00001015       ?recv@CXnSock@@QAEHIPADHH@Z 00458015 f   xnet:sock.obj
 0003:000010a6       ?send@CXnSock@@QAEHIPBDHH@Z 004580a6 f   xnet:sock.obj
 0003:0000113b       ?SockShutdown@CXnSock@@QAEXXZ 0045813b f   xnet:sock.obj
 0003:0000118b       ?SockAlloc@CXnSock@@AAEPAVCSocket@@HH@Z 0045818b f   xnet:sock.obj
 0003:0000135c       ?closesocket@CXnSock@@QAEHI@Z 0045835c f   xnet:sock.obj
 0003:000013ed       ?SockTerm@CXnSock@@QAEXXZ  004583ed f   xnet:sock.obj
 0003:00001431       ?socket@CXnSock@@QAEIHHH@Z 00458431 f   xnet:sock.obj
 0003:00001568       ?XNetGetTitleXnAddr@CXn@@QAEKPAUXNADDR@@@Z 00458568 f   xnet:xnet.obj
 0003:00001577       ?XNetGetConfigStatus@CXn@@QAEHPAUXNetConfigStatus@@@Z 00458577 f   xnet:xnet.obj
 0003:00001588       _XNetGetConfigStatus@4     00458588 f   xnet:xnet.obj
 0003:00001593       _XNetGetTitleXnAddr@4      00458593 f   xnet:xnet.obj
 0003:0000159e       _socket@12                 0045859e f   xnet:xnet.obj
 0003:000015a9       _closesocket@4             004585a9 f   xnet:xnet.obj
 0003:000015b4       _ioctlsocket@12            004585b4 f   xnet:xnet.obj
 0003:000015bf       _setsockopt@20             004585bf f   xnet:xnet.obj
 0003:000015ce       _bind@12                   004585ce f   xnet:xnet.obj
 0003:000015d9       _listen@8                  004585d9 f   xnet:xnet.obj
 0003:000015e4       _accept@12                 004585e4 f   xnet:xnet.obj
 0003:000015ef       _recv@16                   004585ef f   xnet:xnet.obj
 0003:000015fa       _send@16                   004585fa f   xnet:xnet.obj
 0003:00001605       _XnInit@24                 00458605 f   xnet:xnet.obj
 0003:0000180b       _XNetStartup@4             0045880b f   xnet:xnet.obj
 0003:00001822       _WSAStartup@8              00458822 f   xnet:xnet.obj
 0003:0000183d       _XnTerm@8                  0045883d f   xnet:xnet.obj
 0003:00001910       _XNetCleanup@0             00458910 f   xnet:xnet.obj
 0003:0000191d       _WSACleanup@0              0045891d f   xnet:xnet.obj
 0003:0000192a       _XNetOpenConfigVolume@0    0045892a f   xnet:xnetp.obj
 0003:00001978       _XNetCloseConfigVolume@4   00458978 f   xnet:xnetp.obj
 0003:0000198f       _XConfigChecksum@8         0045898f f i xnet:xnetp.obj
 0003:000019b9       _XNetLoadConfigSector@16   004589b9 f   xnet:xnetp.obj
 0003:00001a70       _XNetSaveConfigSector@16   00458a70 f   xnet:xnetp.obj
 0003:00001b13       _XNetSaveConfigParams@4    00458b13 f   xnet:xnetp.obj
 0003:00001ba9       _XNetLoadConfigParams@4    00458ba9 f   xnet:xnetp.obj
 0003:00001c43       _XNetUpdateConfigParams@8  00458c43 f   xnet:xnetp.obj
 0003:00001cad       ?HalQueryTsc@@YGXPAT_LARGE_INTEGER@@@Z 00458cad f   xnet:halx.obj
 0003:00001cbf       ?HalTscToUsec@@YGKPAT_LARGE_INTEGER@@@Z 00458cbf f   xnet:halx.obj
 0003:00001cee       ?Add@CRandBytes@@QAEXPAXI@Z 00458cee f   xnet:halx.obj
 0003:00001d1d       ?SetInitFlag@CXnHal@@QAEXK@Z 00458d1d f   xnet:halx.obj
 0003:00001d4d       ?HalRandGather@CXnHal@@QAEIPAEI@Z 00458d4d f   xnet:halx.obj
 0003:00001e9d       ?IpTerm2@CXnIp@@IAEXXZ     00458e9d f   xnet:ip.obj
 0003:00001e9e       ?FragFree@CXnIp@@AAEXPAVCPacket@@@Z 00458e9e f   xnet:ip.obj
 0003:00001ed2       ?FragTimer@CXnIp@@AAEXPAVCTimer@@@Z 00458ed2 f   xnet:ip.obj
 0003:00001ee2       ?RouteRelease@CXnIp@@QAEXPAVCRouteEntry@@@Z 00458ee2 f   xnet:ip.obj
 0003:00001f0e       ?KeyRegLookup@CXnIp@@AAEPAUCKeyReg@1@PBUXNKID@@@Z 00458f0e f   xnet:ip.obj
 0003:00001f41       ?CryptDes@CXnIp@@AAEXKPAEI00I@Z 00458f41 f   xnet:ip.obj
 0003:00001f96       ?SecRegSetKey@CXnIp@@AAEXPAUCSecReg@1@PAUXNADDR@@PAEI222H@Z 00458f96 f   xnet:ip.obj
 0003:00002085       ?IpCalcIvAtSeq@CXnIp@@AAEXPBEKPAE@Z 00459085 f   xnet:ip.obj
 0003:000020c5       ?IpInit@CXnIp@@IAEJPAUXNetInitParams@@@Z 004590c5 f   xnet:ip.obj
 0003:0000227c       ?IpRecvTcp@CXnIp@@AAEXPAVCPacket@@PAUCIpHdr@@PAUCTcpHdr@@I@Z 0045927c f   xnet:ip.obj
 0003:0000236c       ?IpFillHdr@CXnIp@@QAEXPAVCPacket@@UCIpAddr@@E@Z 0045936c f   xnet:ip.obj
 0003:000023c2       ?FragTerm@CXnIp@@AAEXXZ    004593c2 f   xnet:ip.obj
 0003:000023e3       ?RouteEntryOrphan@CXnIp@@AAEXPAVCRouteEntry@@@Z 004593e3 f   xnet:ip.obj
 0003:0000240e       ?RouteLookup@CXnIp@@AAEPAVCRouteEntry@@UCIpAddr@@@Z 0045940e f   xnet:ip.obj
 0003:00002494       ?RouteAdd@CXnIp@@AAEXUCIpAddr@@00GG@Z 00459494 f   xnet:ip.obj
 0003:0000258e       ?RouteRedirect@CXnIp@@AAEXUCIpAddr@@00@Z 0045958e f   xnet:ip.obj
 0003:000025ff       ?SecRegLookup@CXnIp@@AAEPAUCSecReg@1@PBUXNADDR@@PBUXNKID@@@Z 004595ff f   xnet:ip.obj
 0003:00002655       ?SecRegLookup@CXnIp@@AAEPAUCSecReg@1@K@Z 00459655 f   xnet:ip.obj
 0003:00002692       ?SecRegSetTicks@CXnIp@@AAEXPAUCSecReg@1@@Z 00459692 f   xnet:ip.obj
 0003:000026c4       ?IpUnreachable@CXnIp@@QAEHUCIpAddr@@@Z 004596c4 f   xnet:ip.obj
 0003:0000270d       ?IpDecrypt@CXnIp@@QAEHPAVCPacket@@UCIpAddr@@@Z 0045970d f   xnet:ip.obj
 0003:00002827       ?IpGetXnAddr@CXnIp@@QAEKPAUXNADDR@@@Z 00459827 f   xnet:ip.obj
 0003:000028cf       ?IpXmitIp@CXnIp@@AAEXPAVCPacket@@PAPAVCRouteEntry@@@Z 004598cf f   xnet:ip.obj
 0003:00002ae9       ?RouteListOrphan@CXnIp@@AAEXXZ 00459ae9 f   xnet:ip.obj
 0003:00002b12       ?IpXmitXsp@CXnIp@@AAEXPAVCPacket@@PAUCSecReg@1@PAPAVCRouteEntry@@@Z 00459b12 f   xnet:ip.obj
 0003:00002d47       ?IpXmitKeyExXbToXb@CXnIp@@AAEXPAUCSecReg@1@H@Z 00459d47 f   xnet:ip.obj
 0003:00002f19       ?IpXmitSecMsg@CXnIp@@AAEXPAUCSecReg@1@GPAXI1I@Z 00459f19 f   xnet:ip.obj
 0003:00002fc6       ?IpXmitSecMsgDelete@CXnIp@@AAEXPAUCSecReg@1@K@Z 00459fc6 f   xnet:ip.obj
 0003:00002fe2       ?SecRegSetTerm@CXnIp@@AAEXPAUCSecReg@1@K@Z 00459fe2 f   xnet:ip.obj
 0003:0000305b       ?SecRegSetFree@CXnIp@@AAEXPAUCSecReg@1@K@Z 0045a05b f   xnet:ip.obj
 0003:0000307b       ?SecRegShutdown@CXnIp@@QAEXH@Z 0045a07b f   xnet:ip.obj
 0003:000030df       ?SecRegProbe@CXnIp@@AAEXXZ 0045a0df f   xnet:ip.obj
 0003:000031b5       ?IpStop@CXnIp@@IAEXXZ      0045a1b5 f   xnet:ip.obj
 0003:00003205       ?IpRecvSecMsg@CXnIp@@AAEXPAVCPacket@@PAUCSecReg@1@KPAUCSecMsgHdr@@I@Z 0045a205 f   xnet:ip.obj
 0003:00003239       ?IpXmitKeyEx@CXnIp@@AAEXPAUCSecReg@1@@Z 0045a239 f   xnet:ip.obj
 0003:0000328c       ?IpUnregisterKey@CXnIp@@QAEHPBUXNKID@@@Z 0045a28c f   xnet:ip.obj
 0003:00003350       ?SecRegEnqueue@CXnIp@@AAEXPAUCSecReg@1@PAVCPacket@@@Z 0045a350 f   xnet:ip.obj
 0003:00003371       ?SecRegTimer@CXnIp@@AAEXPAVCTimer@@@Z 0045a371 f   xnet:ip.obj
 0003:000033b6       ?IpTerm@CXnIp@@IAEXXZ      0045a3b6 f   xnet:ip.obj
 0003:00003477       ?IpXmit@CXnIp@@QAEXPAVCPacket@@PAPAVCRouteEntry@@@Z 0045a477 f   xnet:ip.obj
 0003:0000351a       ?IpFillAndXmit@CXnIp@@QAEXPAVCPacket@@UCIpAddr@@EPAPAVCRouteEntry@@@Z 0045a51a f   xnet:ip.obj
 0003:00003552       ?SecRegAlloc@CXnIp@@AAEPAUCSecReg@1@XZ 0045a552 f   xnet:ip.obj
 0003:00003610       ?SecRegAlloc@CXnIp@@AAEPAUCSecReg@1@PBUXNADDR@@PAUCKeyReg@1@@Z 0045a610 f   xnet:ip.obj
 0003:00003663       ?SecRegXmitQueue@CXnIp@@AAEXPAUCSecReg@1@@Z 0045a663 f   xnet:ip.obj
 0003:0000368b       ?SecRegSetInitWait@CXnIp@@AAEXPAUCSecReg@1@H@Z 0045a68b f   xnet:ip.obj
 0003:000036ba       ?IpRecvKeyExXbToXb@CXnIp@@AAEXPAVCPacket@@UCIpAddr@@UCIpPort@@PAUCKeyExXbToXb@@I@Z 0045a6ba f   xnet:ip.obj
 0003:00003ab2       ?IpRecvKeyEx@CXnIp@@AAEXPAVCPacket@@UCIpAddr@@UCIpPort@@PAUCKeyExHdr@@I@Z 0045aab2 f   xnet:ip.obj
 0003:00003b39       ?IpRecvXsp@CXnIp@@AAEXPAVCPacket@@PAUCIpHdr@@PAUCXspHdr@@I@Z 0045ab39 f   xnet:ip.obj
 0003:0000407d       ?IpRecvUdp@CXnIp@@AAEXPAVCPacket@@PAUCIpHdr@@PAUCUdpHdr@@I@Z 0045b07d f   xnet:ip.obj
 0003:000041a6       ?IpRecv@CXnIp@@IAEXPAVCPacket@@@Z 0045b1a6 f   xnet:ip.obj
 0003:0000437b       ?FragRecv@CXnIp@@AAEXPAVCPacket@@PAUCIpHdr@@II@Z 0045b37b f   xnet:ip.obj
 0003:00004638       ?TcpValidateSeqs@CXnSock@@AAEHPAVCTcpSocket@@KKPAK1@Z 0045b638 f   xnet:socktcp.obj
 0003:00004691       ?TcpParseOptions@CXnSock@@AAEHPAEIPAU_TcpOptions@@@Z 0045b691 f   xnet:socktcp.obj
 0003:00004704       ?DequeueChild@CTcpSocket@@QAEXPAV1@@Z 0045b704 f   xnet:socktcp.obj
 0003:00004728       ?InsertRecvBuf@CSocket@@QAEXPAVCRecvBuf@@0@Z 0045b728 f   xnet:socktcp.obj
 0003:00004755       ?TcpSndNxt@CXnSock@@AAEKPAVCTcpSocket@@@Z 0045b755 f   xnet:socktcp.obj
 0003:00004784       ?TcpSlideRecvWindow@CXnSock@@AAEXPAVCTcpSocket@@I@Z 0045b784 f   xnet:socktcp.obj
 0003:000047c3       ?TcpUpdateRTO@CXnSock@@AAEXPAVCTcpSocket@@@Z 0045b7c3 f   xnet:socktcp.obj
 0003:0000487e       ?TcpCorrectMisorderedSegments@CXnSock@@AAEIPAVCTcpSocket@@KPAVCTcpRecvBuf@@@Z 0045b87e f   xnet:socktcp.obj
 0003:00004930       ?TcpBufferMisorderedSegment@CXnSock@@AAEXPAVCTcpSocket@@IPAVCTcpRecvBuf@@@Z 0045b930 f   xnet:socktcp.obj
 0003:000049d2       ?TcpCompletePendingRecvReqFast@CXnSock@@AAEIPAVCTcpSocket@@EPAEI@Z 0045b9d2 f   xnet:socktcp.obj
 0003:00004a3a       ?TcpTrimBacklog@CXnSock@@AAEXPAVCTcpSocket@@I@Z 0045ba3a f   xnet:socktcp.obj
 0003:00004a86       ?TcpListen@CXnSock@@AAEJPAVCTcpSocket@@H@Z 0045ba86 f   xnet:socktcp.obj
 0003:00004ae9       ?TcpCopyRecvData@CXnSock@@AAEIPAVCTcpSocket@@PAVCRecvReq@@@Z 0045bae9 f   xnet:socktcp.obj
 0003:00004b9c       ?TcpPacketAlloc@CXnSock@@AAEPAVCPacket@@PAVCTcpSocket@@UCIpAddr@@UCIpPort@@2KIIP8CXnVoid@@AEXPAV2@@Z@Z 0045bb9c f   xnet:socktcp.obj
 0003:00004bfc       ?TcpPacketFree@CXnSock@@AAEXPAVCPacket@@@Z 0045bbfc f   xnet:socktcp.obj
 0003:00004c0e       ?TcpSendSegment@CXnSock@@AAEXPAVCTcpSocket@@PAVCTcpSendBuf@@H@Z 0045bc0e f   xnet:socktcp.obj
 0003:00004d33       ?EnqueueChild@CTcpSocket@@QAEXPAV1@@Z 0045bd33 f   xnet:socktcp.obj
[...]
 0008:00046dc4       ?s_ipOK@@3_NA              004fadc4     dd_ftp.obj
 0008:00046dc8       ?s_nextDataPort@@3HA       004fadc8     dd_ftp.obj
 0008:00046dcc       ?s_ftpWanted@@3HA          004fadcc     dd_ftp.obj
 0008:00046dd0       ?s_started@@3HA            004fadd0     dd_net.obj
 0008:00046dd4       ?s_up@@3HA                 004fadd4     dd_net.obj
 0008:00046dd8       ?s_link@@3HA               004fadd8     dd_net.obj
 0008:00046ddc       ?s_lastBtn@@3GA            004faddc     eos_osk.obj
 0008:00046de0       ?s_musicFile@@3PADA        004fade0     eos_audio.obj
 0008:00046ef0       ?s_musicDec@@3Ump3dec_t@@A 004faef0     eos_audio.obj
 0008:000488fc       ?s_carryBytes@@3KA         004fc8fc     eos_audio.obj
 0008:00048900       ?s_ds@@3PAUIDirectSound@@A 004fc900     eos_audio.obj
 0008:00048904       _Fsid                      004fc904     ff.obj
 0008:00048908       ?s_pcmCarry@@3PAFA         004fc908     eos_audio.obj
 0008:0004ad08       ?s_musicCS@@3U_RTL_CRITICAL_SECTION@@A 004fed08     eos_audio.obj
 0008:0004ad24       ?s_musicThread@@3PAXA      004fed24     eos_audio.obj
 0008:0004ad28       ?s_musicPos@@3KA           004fed28     eos_audio.obj
 0008:0004ad2c       ?s_musicSize@@3KA          004fed2c     eos_audio.obj
 0008:0004ad30       ?s_musicStop@@3JA          004fed30     eos_audio.obj
 0008:0004ad34       ?s_music@@3PAUIDirectSoundBuffer@@A 004fed34     eos_audio.obj
 0008:0004ad38       ?s_musicGen@@3JA           004fed38     eos_audio.obj
 0008:0004ad3c       ?s_musicData@@3PAEA        004fed3c     eos_audio.obj
 0008:0004ad40       ?s_dsCS@@3U_RTL_CRITICAL_SECTION@@A 004fed40     eos_audio.obj
 0008:0004ad5c       ?s_diagPresent@@3HA        004fed5c     eos_bank.obj
 0008:0004ad60       ?s_banks@@3PAUEosBank@@A   004fed60     eos_bank.obj
 0008:0004af00       ?s_count@@3HA              004fef00     eos_bank.obj
 0008:0004af04       ?s_diagChecked@@3HA        004fef04     eos_bank.obj
 0008:0004af08       ?s_bgmOn@@3HA              004fef08     eos_config.obj
 0008:0004af0c       ?s_prevBtn@@3GA            004fef0c     main.obj
 0008:0004af10       ?s_bgmPath@@3PADA          004fef10     eos_config.obj
 0008:0004aff0       ?s_themeIdx@@3HA           004feff0     eos_config.obj
 0008:0004aff4       ?s_atlas@@3PAUD3DTexture@@A 004feff4     eos_font.obj
 0008:0004aff8       ?s_argb@@3PAKA             004feff8     eos_font.obj
 0008:0006aff8       ?s_glowTex@@3PAUD3DTexture@@A 0051eff8     eos_gfx.obj
 0008:0006affc       ?s_overlayCb@@3P6AXXZA     0051effc     eos_gfx.obj
 0008:0006b000       ?s_d3d@@3PAUDirect3D@@A    0051f000     eos_gfx.obj
 0008:0006b004       ?s_ballTex@@3PAUD3DTexture@@A 0051f004     eos_gfx.obj
 0008:0006b008       ?s_white@@3PAUD3DTexture@@A 0051f008     eos_gfx.obj
 0008:0006b00c       ?s_vpSaved@@3U_D3DVIEWPORT8@@A 0051f00c     eos_gfx.obj
 0008:0006b024       ?s_vpHave@@3HA             0051f024     eos_gfx.obj
 0008:0006b028       ?s_glowPix@@3PAKA          0051f028     eos_gfx.obj
 0008:0006f028       ?s_discTex@@3PAUD3DTexture@@A 00523028     eos_gfx.obj
 0008:0006f02c       ?s_store@@3HA              0052302c     eos_http.obj
 0008:0006f030       ?s_txHOff@@3HA             00523030     eos_http.obj
 0008:0006f034       ?s_rxStore@@3HA            00523034     eos_http.obj
 0008:0006f038       ?g_lay@@3UEosLayout@@A     00523038     eos_http.obj
 0008:0006f06c       ?s_reqLen@@3HA             0052306c     eos_http.obj
 0008:0006f070       ?s_state@@3HA              00523070     eos_http.obj
 0008:0006f074       ?s_rxRecv@@3HA             00523074     eos_http.obj
 0008:0006f078       ?s_json@@3PADA             00523078     eos_http.obj
 0008:00071078       ?s_colorStr@@3PADA         00525078     eos_http.obj
 0008:00071084       ?s_txBLen@@3HA             00525084     eos_http.obj
 0008:00071088       ?s_name@@3PADA             00525088     eos_http.obj
 0008:000710d8       ?s_resp@@3PADA             005250d8     eos_http.obj
 0008:000714d8       ?s_txBOff@@3HA             005254d8     eos_http.obj
 0008:000714dc       ?s_up@@3HA                 005254dc     eos_http.obj
 0008:000714e0       ?s_req@@3PADA              005254e0     eos_http.obj
 0008:000734e0       ?s_tFolder@@3PADA          005274e0     eos_http.obj
 0008:00073520       ?s_txH@@3PBDB              00527520     eos_http.obj
 0008:00073524       ?s_route@@3HA              00527524     eos_http.obj
 0008:00073528       ?s_txHLen@@3HA             00527528     eos_http.obj
 0008:0007352c       ?s_err@@3HA                0052752c     eos_http.obj
 0008:00073530       ?s_txB@@3PBDB              00527530     eos_http.obj
 0008:00073534       ?s_clen@@3HA               00527534     eos_http.obj
 0008:00073538       ?s_tName@@3PADA            00527538     eos_http.obj
 0008:00073578       ?s_method@@3HA             00527578     eos_http.obj
 0008:0007357c       ?s_bank@@3HA               0052757c     eos_http.obj
 0008:00073580       ?s_rx@@3PAEA               00527580     eos_http.obj
 0008:00173580       ?stbi__g_failure_reason@@3PBDB 00627580     eos_image.obj
 0008:00173584       ?s_frozen@@3HA             00627584     eos_lcd.obj
 0008:00173588       ?s_ctxBank@@3PADA          00627588     eos_lcd.obj
 0008:001735a0       ?s_shadow@@3PAY0BE@EA      006275a0     eos_lcd.obj
 0008:001735f0       ?s_lastLine@@3PAY0BF@DA    006275f0     eos_lcd.obj
 0008:00173644       ?s_present@@3HA            00627644     eos_lcd.obj
 0008:00173648       ?s_drv@@3HA                00627648     eos_lcd.obj
 0008:0017364c       ?s_d@@3PBULcdDriver@@B     0062764c     eos_lcd.obj
 0008:00173650       ?s_return@@3HA             00627650     eos_led.obj
 0008:00173654       ?s_sel@@3HA                00627654     eos_led.obj
 0008:00173658       ?s_bank@@3HA               00627658     eos_led.obj
 0008:0017365c       ?s_sel@@3HA                0062765c     eos_menu.obj
 0008:00173660       ?s_swayW@@3PAMA            00627660     eos_model.obj
 0008:0017aa8c       ?s_tried@@3HA              0062ea8c     eos_model.obj
 0008:0017aa90       ?s_base@@3PAUEosModelVtx@@A 0062ea90     eos_model.obj
 0008:001b4bf0       ?s_ready@@3HA              00668bf0     eos_model.obj
 0008:001b4bf4       ?s_ib@@3PAUD3DIndexBuffer@@A 00668bf4     eos_model.obj
 0008:001b4bf8       ?s_vb@@3PAUD3DVertexBuffer@@A 00668bf8     eos_model.obj
 0008:001b4bfc       ?s_tex@@3PAUD3DTexture@@A  00668bfc     eos_model.obj
 0008:001b4c00       ?s_text@@3PADA             00668c00     eos_osk.obj
 0008:001b4c24       ?s_blink@@3HA              00668c24     eos_osk.obj
 0008:001b4c28       ?s_keyset@@3HA             00668c28     eos_osk.obj
 0008:001b4c2c       ?s_mode@@3HA               00668c2c     eos_osk.obj
 0008:001b4c30       ?s_row@@3HA                00668c30     eos_osk.obj
 0008:001b4c34       ?s_repeat@@3HA             00668c34     eos_osk.obj
 0008:001b4c38       ?s_len@@3HA                00668c38     eos_osk.obj
 0008:001b4c3c       ?s_panelW@@3HA             00668c3c     eos_osk.obj
 0008:001b4c40       ?s_open@@3HA               00668c40     eos_osk.obj
 0008:001b4c44       ?s_panelX@@3HA             00668c44     eos_osk.obj
 0008:001b4c48       ?s_col@@3HA                00668c48     eos_osk.obj
 0008:001b4c4c       ?s_palHold@@3HA            00668c4c     eos_plasma.obj
 0008:001b4c50       ?s_scan@@3PAUPVtx@@A       00668c50     eos_plasma.obj
 0008:001bc630       ?s_vig@@3PAUPVtx@@A        00670630     eos_plasma.obj
 0008:001bc6a8       ?s_strip@@3PAUPVtx@@A      006706a8     eos_plasma.obj
 0008:001bcce8       ?s_tried@@3HA              00670ce8     eos_plasma.obj
 0008:001bccec       ?s_ready@@3HA              00670cec     eos_plasma.obj
 0008:001bccf0       ?s_grid@@3PAY0CI@UPVtx@@A  00670cf0     eos_plasma.obj
 0008:001c2ab0       ?s_frame@@3HA              00676ab0     eos_plasma.obj
 0008:001c2ab4       ?s_palBlend@@3MA           00676ab4     eos_plasma.obj
 0008:001c2ab8       ?s_scanVerts@@3HA          00676ab8     eos_plasma.obj
 0008:001c2abc       ?s_palFrom@@3HA            00676abc     eos_plasma.obj
 0008:001c2ac0       ?s_probed@@3HA             00676ac0     eos_rtc.obj
 0008:001c2ac4       ?s_present@@3HA            00676ac4     eos_rtc.obj
 0008:001c2ac8       ?s_fatfs@@3UFATFS@@A       00676ac8     eos_sdcard.obj
 0008:001c2cf4       ?s_clmt@@3PAKA             00676cf4     eos_sdcard.obj
 0008:001c2d14       ?s_vstdSel@@3HA            00676d14     eos_settings.obj
 0008:001c2d18       ?s_netRow@@3HA             00676d18     eos_settings.obj
 0008:001c2d1c       ?s_returnTheme@@3HA        00676d1c     eos_settings.obj
 0008:001c2d20       ?s_aflags@@3KA             00676d20     eos_settings.obj
 0008:001c2d24       ?s_grSel@@3HA              00676d24     eos_settings.obj
 0008:001c2d28       ?s_grOk@@3HA               00676d28     eos_settings.obj
 0008:001c2d2c       ?s_netMode@@3HA            00676d2c     eos_settings.obj
 0008:001c2d30       ?s_dns@@3KA                00676d30     eos_settings.obj
 0008:001c2d34       ?s_row@@3HA                00676d34     eos_settings.obj
 0008:001c2d38       ?s_sub@@3HA                00676d38     eos_settings.obj
 0008:001c2d3c       ?s_gw@@3KA                 00676d3c     eos_settings.obj
 0008:001c2d40       ?s_eep@@3UEosEeprom@@A     00676d40     eos_settings.obj
 0008:001c2d88       ?s_ctList@@3PAY0EA@DA      00676d88     eos_settings.obj
 0008:001c3588       ?s_vflags@@3KA             00677588     eos_settings.obj
 0008:001c358c       ?s_regMsg@@3PBDB           0067758c     eos_settings.obj
 0008:001c3590       ?s_ip@@3KA                 00677590     eos_settings.obj
 0008:001c3594       ?s_dtField@@3HA            00677594     eos_settings.obj
 0008:001c3598       ?s_vstdArm@@3HA            00677598     eos_settings.obj
 0008:001c359c       ?s_dt@@3UEosDateTime@@A    0067759c     eos_settings.obj
 0008:001c35b4       ?s_themePreview@@3HA       006775b4     eos_settings.obj
 0008:001c35b8       ?s_bgmWork@@3HA            006775b8     eos_settings.obj
 0008:001c35bc       ?s_sel@@3HA                006775bc     eos_settings.obj
 0008:001c35c0       ?s_mask@@3KA               006775c0     eos_settings.obj
 0008:001c35c4       ?s_ctCount@@3HA            006775c4     eos_settings.obj
 0008:001c35c8       ?s_netMsg@@3PBDB           006775c8     eos_settings.obj
 0008:001c35cc       ?s_dns2@@3KA               006775cc     eos_settings.obj
 0008:001c35d0       ?s_netEdit@@3HA            006775d0     eos_settings.obj
 0008:001c35d4       ?s_grArm@@3HA              006775d4     eos_settings.obj
 0008:001c35d8       ?s_con@@3UEosConsole@@A    006775d8     eos_settings.obj
 0008:001c35ec       ?s_octet@@3HA              006775ec     eos_settings.obj
 0008:001c35f0       ?s_logo@@3PAUD3DTexture@@A 006775f0     eos_splash.obj
 0008:001c35f4       ?s_idx@@3HA                006775f4     eos_theme.obj
 0008:001c35f8       ?s_bgDim@@3HA              006775f8     eos_theme.obj
 0008:001c35fc       ?s_bgTex@@3PAUD3DTexture@@A 006775fc     eos_theme.obj
 0008:001c3600       ?s_musicPath@@3PADA        00677600     eos_theme_custom.obj
 0008:001c3700       ?s_hasMusic@@3HA           00677700     eos_theme_custom.obj
 0008:001c3704       ?s_orbInit@@3HA            00677704     eos_ui.obj
 0008:001c3708       ?s_name@@3PADA             00677708     eos_theme_custom.obj
 0008:001c3748       ?s_active@@3PADA           00677748     eos_theme_custom.obj
 0008:001c3788       ?s_selAnim@@3MA            00677788     eos_ui.obj
 0008:001c378c       ?s_orbLast@@3KA            0067778c     eos_ui.obj
 0008:001c3790       ?s_orb@@3PAUOrb3@@A        00677790     eos_ui.obj
 0008:001c3990       ?s_animTick@@3KA           00677990     eos_ui.obj
 0008:001c3994       _FatFs                     00677994     ff.obj
 0008:001c3998       _LfnBuf                    00677998     ff.obj
 0008:001c3a1c       ?g_padHandles@@3PAPAXA     00677a1c     input.obj
 0008:001c3a2c       ?g_ctrlType@@3PAW4ControllerType@@A 00677a2c     input.obj
 0008:001c3a3c       ?g_muPresent@@3PAY01_NA    00677a3c     input.obj
 0008:001c3a44       ?g_padLastPacket@@3PAKA    00677a44     input.obj
 0008:001c3a54       ?g_padButtons@@3PAGA       00677a54     input.obj
 0008:001c3a5c       ?s_ocDone@@3HA             00677a5c     main.obj
 0008:001c3a60       ?g_padStates@@3PAU_XINPUT_STATE@@A 00677a60     input.obj
 0008:001c3ab8       ?s_entries@@3PAUEosFileEntry@@A 00677ab8     main.obj
 0008:001c5cb8       ?s_eeCount@@3HA            00679cb8     main.obj
 0008:001c5cbc       ?s_fwBankSel@@3HA          00679cbc     main.obj
 0008:001c5cc0       ?s_status@@3PADA           00679cc0     main.obj
 0008:001c5d00       ?s_comboIsLed@@3HA         00679d00     main.obj
 0008:001c5d04       ?s_entCount@@3HA           00679d04     main.obj
 0008:001c5d08       ?s_layout@@3UEosLayout@@A  00679d08     main.obj
 0008:001c5d3c       ?s_browseScript@@3HA       00679d3c     main.obj
 0008:001c5d40       ?s_flashPath@@3PADA        00679d40     main.obj
 0008:001c5e40       ?s_scriptPresent@@3HA      00679e40     main.obj
 0008:001c5e44       ?s_ocHeldFrames@@3HA       00679e44     main.obj
 0008:001c5e48       ?s_eeImg@@3PAEA            00679e48     main.obj
 0008:001c5f48       ?s_ocRow@@3HA              00679f48     main.obj
 0008:001c5f4c       ?s_cerbTarget@@3HA         00679f4c     main.obj
 0008:001c5f50       ?s_ocAchCpu@@3HA           00679f50     main.obj
 0008:001c5f54       ?s_sdEntCount@@3HA         00679f54     main.obj
 0008:001c5f58       ?s_fmtHasDisk@@3HA         00679f58     main.obj
 0008:001c5f5c       ?s_ocAchRam@@3HA           00679f5c     main.obj
 0008:001c5f60       ?s_fwFile@@3PADA           00679f60     main.obj
 0008:001c5fa0       ?s_comboBuf@@3PADA         00679fa0     main.obj
 0008:001c5fb0       ?s_toolSel@@3HA            00679fb0     main.obj
 0008:001c5fb4       ?s_fmtFMB@@3KA             00679fb4     main.obj
 0008:001c5fb8       ?s_hddToolSel@@3HA         00679fb8     main.obj
 0008:001c5fbc       ?s_bankSel@@3HA            00679fbc     main.obj
 0008:001c5fc0       ?s_sdPath@@3PADA           00679fc0     main.obj
 0008:001c60c0       ?s_hddOk@@3HA              0067a0c0     main.obj
 0008:001c60c4       ?s_phase@@3W4AppPhase@@A   0067a0c4     main.obj
 0008:001c60c8       ?s_imgBuf@@3PAEA           0067a0c8     main.obj
 0008:002c60c8       ?s_layoutOk@@3HA           0077a0c8     main.obj
 0008:002c60cc       ?s_cerbSel@@3HA            0077a0cc     main.obj
 0008:002c60d0       ?s_fmtArm@@3HA             0077a0d0     main.obj
 0008:002c60d4       ?s_fmtTotalMB@@3KA         0077a0d4     main.obj
 0008:002c60d8       ?s_hddInfo@@3UEosHddInfo@@A 0077a0d8     main.obj
 0008:002c6128       ?s_ocGpuHex@@3PADA         0077a128     main.obj
 0008:002c6138       ?s_browsePath@@3PADA       0077a138     main.obj
 0008:002c6238       ?s_browseSel@@3HA          0077a238     main.obj
 0008:002c623c       ?s_liveNext@@3KA           0077a23c     main.obj
 0008:002c6240       ?s_pendAct@@3HA            0077a240     main.obj
 0008:002c6244       ?s_browseScroll@@3HA       0077a244     main.obj
 0008:002c6248       ?s_browseSong@@3HA         0077a248     main.obj
 0008:002c624c       ?s_fwFileSel@@3HA          0077a24c     main.obj
 0008:002c6250       ?s_eeNames@@3PAY0EA@DA     0077a250     main.obj
 0008:002c6850       ?s_fwCount@@3HA            0077a850     main.obj
 0008:002c6854       ?s_cerbScroll@@3HA         0077a854     main.obj
 0008:002c6858       ?s_browseCerb@@3HA         0077a858     main.obj
 0008:002c685c       ?s_cerbMenuSel@@3HA        0077a85c     main.obj
 0008:002c6860       ?s_liveRev16@@3HA          0077a860     main.obj
 0008:002c6864       ?s_ocCpuHex@@3PADA         0077a864     main.obj
 0008:002c6874       ?s_cerbOsk@@3HA            0077a874     main.obj
 0008:002c6878       ?s_cerb@@3UCerbConfig@@A   0077a878     main.obj
 0008:002cbc0c       ?s_sdSel@@3HA              0077fc0c     main.obj
 0008:002cbc10       ?s_hddArm@@3HA             0077fc10     main.obj
 0008:002cbc14       ?s_fmtEMB@@3KA             0077fc14     main.obj
 0008:002cbc18       ?s_comboSlot@@3HA          0077fc18     main.obj
 0008:002cbc1c       ?s_fwToolSel@@3HA          0077fc1c     main.obj
 0008:002cbc20       ?s_eeSel@@3HA              0077fc20     main.obj
 0008:002cbc24       ?s_sdScroll@@3HA           0077fc24     main.obj
 0008:002cbc28       ?s_fwTgtSel@@3HA           0077fc28     main.obj
 0008:002cbc2c       ?s_cerbSaveOk@@3HA         0077fc2c     main.obj
 0008:002cbc30       ?s_fwNames@@3PAY0EA@DA     0077fc30     main.obj
 0008:002ccc30       ?s_eeToolSel@@3HA          00780c30     main.obj
 0008:002ccc34       ?s_menuIntro@@3HA          00780c34     main.obj
 0008:002ccc38       ?s_ocAchGpu@@3HA           00780c38     main.obj
 0008:002ccc3c       ?s_statusUntil@@3KA        00780c3c     main.obj
 0008:002ccc40       ?s_cerbTick@@3KA           00780c40     main.obj
 0008:002ccc44       ?s_ocAchFsb@@3HA           00780c44     main.obj
 0008:002ccc48       ?s_confirmMsg@@3PADA       00780c48     main.obj
 0008:002ccc88       ?s_scriptSel@@3HA          00780c88     main.obj
 0008:002ccc8c       ?s_phaseT0@@3KA            00780c8c     main.obj
 0008:002ccc90       ?s_ocHeldDir@@3HA          00780c90     main.obj
 0008:002ccc94       ?s_mgmtSel@@3HA            00780c94     main.obj
 0008:002ccc98       ?s_eeSafetyName@@3PADA     00780c98     main.obj
 0008:002cccd8       ?s_extReady@@3HA           00780cd8     main.obj
 0008:002cccdc       ?s_eeSerial@@3PADA         00780cdc     main.obj
 0008:002cccf0       ?s_sdEntries@@3PAUEosFileEntry@@A 00780cf0     main.obj
 0008:002ceef0       ?s_next@?1??Lcd_Tick@@9@4KA 00782ef0     eos_lcd.obj
 0008:002ceef8       ?s_aPath@?1??audioSync@@YAXXZ@4PADA 00782ef8     main.obj
 0008:002cefd8       ?s_aReady@?1??audioSync@@YAXXZ@4HA 00782fd8     main.obj
 0008:002cefe0       ?ioBuf@?HE@??FtpSessionTick@@YAXXZ@4PADA 00782fe0     dd_ftp.obj
 0008:002defe0       ?out@?1??Cerb_Save@@YAHPAUCerbConfig@@@Z@4PADA 00792fe0     eos_cerbios.obj
 0008:002e2fe0       ?buf@?1??Cerb_Display@@YAPBDPAUCerbConfig@@H@Z@4PADA 00796fe0     eos_cerbios.obj
 0008:002e3048       ?s@?1??Eeprom_DvdRegionStr@@YAPBDPBUEosEeprom@@@Z@4PADA 00797048     eos_eeprom.obj
 0008:002e3054       ?hex@?1??Eeprom_VideoStandardStr@@YAPBDPBUEosEeprom@@@Z@4PADA 00797054     eos_eeprom.obj
 0008:002e3060       ?s_buf@?1??fmtLargeFixup@@YAH_KK@Z@4PAEA 00797060     eos_format.obj
 0008:002e5060       ?ents@?1??buildThemesJson@@YAHPAD@Z@4PAUEosFileEntry@@A 00799060     eos_http.obj
 0008:002e6160       ?ents@?1??deleteThemeFolder@@YAHPBD@Z@4PAUEosFileEntry@@A 0079a160     eos_http.obj
 0008:002e7260       ?scratch@?1??Sd_CardReady@@YAHXZ@4PAEA 0079b260     eos_sdcard.obj
 0008:002e7460       ?s@?1??dvdStr@@YAPBDK@Z@4PADA 0079b460     eos_settings.obj
 0008:002e7470       ?px@?1??Splash_Init@@YA_NXZ@4PAKA 0079b470     eos_splash.obj
 0008:002f7470       ?ents@?1??ThemeCustom_Scan@@YAHQAY0EA@DH@Z@4PAUEosFileEntry@@A 007ab470     eos_theme_custom.obj
 0008:002f8570       ?buf@?1??ThemeCustom_Apply@@YAHPBD@Z@4PADA 007ac570     eos_theme_custom.obj
 0008:002fa570       ?rows@?DM@??BankMgmt_Frame@@YAXG@Z@4PAY0EA@DA 007ae570     main.obj
 0009:00000000       _AC3SuperExec              007af000     dsound:epdsp.obj
 0009:00000320       _AC3Loader                 007af320     dsound:epdsp.obj
 0009:00000920       _AC3Dolby1                 007af920     dsound:epdsp.obj
 0009:000014e8       _AC3Dolby2                 007b04e8     dsound:epdsp.obj
 0009:00003670       _AC3Dolby3                 007b2670     dsound:epdsp.obj
 0009:00004fb8       _AC3Dolby4                 007b3fb8     dsound:epdsp.obj
 0009:00006b08       _AC3Dolby5                 007b5b08     dsound:epdsp.obj
 0009:00006df8       _AC3Dolby6                 007b5df8     dsound:epdsp.obj
 0009:00007120       _AC3ConfigTable            007b6120     dsound:epdsp.obj
 000b:00000060       $R000000                   007b8060     * linker generated manifest res *
